Archive member included because of file (symbol)

C:\Program Files (x86)\VEX Robotics\VEXcode Pro V5\sdk/vexv5\libv5rt.a(v5_startup.c.obj)
                              (vexStartup)
C:\Program Files (x86)\VEX Robotics\VEXcode Pro V5\sdk/vexv5\libv5rt.a(v5_util.c.obj)
                              C:\Program Files (x86)\VEX Robotics\VEXcode Pro V5\sdk/vexv5\libv5rt.a(v5_startup.c.obj) (vexStdlibVersionLinked)
C:\Program Files (x86)\VEX Robotics\VEXcode Pro V5\sdk/vexv5\libv5rt.a(v5_apijump.c.obj)
                              C:\Program Files (x86)\VEX Robotics\VEXcode Pro V5\sdk/vexv5\libv5rt.a(v5_startup.c.obj) (vexPrivateApiEnable)
C:\Program Files (x86)\VEX Robotics\VEXcode Pro V5\sdk/vexv5\libv5rt.a(v5_apiversions.c.obj)
                              C:\Program Files (x86)\VEX Robotics\VEXcode Pro V5\sdk/vexv5\libv5rt.a(v5_apijump.c.obj) (vexSystemVersion)
C:\Program Files (x86)\VEX Robotics\VEXcode Pro V5\sdk/vexv5\libv5rt.a(vex_global.cpp.obj)
                              build/src/functions.o (vex::wait(double, vex::timeUnits))
C:\Program Files (x86)\VEX Robotics\VEXcode Pro V5\sdk/vexv5\libv5rt.a(vex_motor.cpp.obj)
                              build/src/robot-config.o (vex::motor::~motor())
C:\Program Files (x86)\VEX Robotics\VEXcode Pro V5\sdk/vexv5\libv5rt.a(vex_imu.cpp.obj)
                              build/src/robot-config.o (vex::inertial::~inertial())
C:\Program Files (x86)\VEX Robotics\VEXcode Pro V5\sdk/vexv5\libv5rt.a(vex_optical.cpp.obj)
                              build/src/robot-config.o (vex::optical::~optical())
C:\Program Files (x86)\VEX Robotics\VEXcode Pro V5\sdk/vexv5\libv5rt.a(vex_controller.cpp.obj)
                              build/src/robot-config.o (vex::controller::~controller())
C:\Program Files (x86)\VEX Robotics\VEXcode Pro V5\sdk/vexv5\libv5rt.a(vex_task.cpp.obj)
                              build/src/main.o (vex::task::task(int (*)()))
C:\Program Files (x86)\VEX Robotics\VEXcode Pro V5\sdk/vexv5\libv5rt.a(vex_thread.cpp.obj)
                              C:\Program Files (x86)\VEX Robotics\VEXcode Pro V5\sdk/vexv5\libv5rt.a(vex_global.cpp.obj) (vex::this_thread::sleep_for(unsigned long))
C:\Program Files (x86)\VEX Robotics\VEXcode Pro V5\sdk/vexv5\libv5rt.a(vex_event.cpp.obj)
                              C:\Program Files (x86)\VEX Robotics\VEXcode Pro V5\sdk/vexv5\libv5rt.a(vex_imu.cpp.obj) (vex::event::init(unsigned long, unsigned long, void (*)()))
C:\Program Files (x86)\VEX Robotics\VEXcode Pro V5\sdk/vexv5\libv5rt.a(vex_mevent.cpp.obj)
                              C:\Program Files (x86)\VEX Robotics\VEXcode Pro V5\sdk/vexv5\libv5rt.a(vex_controller.cpp.obj) (vex::mevent::mevent(unsigned long, unsigned long))
C:\Program Files (x86)\VEX Robotics\VEXcode Pro V5\sdk/vexv5\libv5rt.a(vex_brain.cpp.obj)
                              build/src/gui.o (vex::brain::lcd::setCursor(long, long))
C:\Program Files (x86)\VEX Robotics\VEXcode Pro V5\sdk/vexv5\libv5rt.a(vex_competition.cpp.obj)
                              build/src/main.o (vex::competition::competition())
C:\Program Files (x86)\VEX Robotics\VEXcode Pro V5\sdk/vexv5\libv5rt.a(vex_triport.cpp.obj)
                              C:\Program Files (x86)\VEX Robotics\VEXcode Pro V5\sdk/vexv5\libv5rt.a(vex_brain.cpp.obj) (vex::triport::~triport())
C:\Program Files (x86)\VEX Robotics\VEXcode Pro V5\sdk/vexv5\libv5rt.a(vex_color.cpp.obj)
                              C:\Program Files (x86)\VEX Robotics\VEXcode Pro V5\sdk/vexv5\libv5rt.a(vex_optical.cpp.obj) (vex::color::~color())
C:\Program Files (x86)\VEX Robotics\VEXcode Pro V5\sdk/vexv5\libv5rt.a(vex_timer.cpp.obj)
                              C:\Program Files (x86)\VEX Robotics\VEXcode Pro V5\sdk/vexv5\libv5rt.a(vex_brain.cpp.obj) (vex::timer::~timer())
C:\Program Files (x86)\VEX Robotics\VEXcode Pro V5\sdk/vexv5\libv5rt.a(vex_motorgroup.cpp.obj)
                              build/src/robot-config.o (vex::motor_group::motor_group())
C:\Program Files (x86)\VEX Robotics\VEXcode Pro V5\sdk/vexv5\libv5rt.a(v5_apiuser.c.obj)
                              C:\Program Files (x86)\VEX Robotics\VEXcode Pro V5\sdk/vexv5\libv5rt.a(vex_triport.cpp.obj) (vexAdiPortConfigSet)
C:\Program Files (x86)\VEX Robotics\VEXcode Pro V5\sdk/vexv5\libv5rt.a(vex_device.cpp.obj)
                              C:\Program Files (x86)\VEX Robotics\VEXcode Pro V5\sdk/vexv5\libv5rt.a(vex_motor.cpp.obj) (vex::device::~device())
C:\Program Files (x86)\VEX Robotics\VEXcode Pro V5\sdk/vexv5/gcc/libs\libc.a(lib_a-fini.o)
                              C:\Program Files (x86)\VEX Robotics\VEXcode Pro V5\sdk/vexv5\libv5rt.a(v5_startup.c.obj) (__libc_fini_array)
C:\Program Files (x86)\VEX Robotics\VEXcode Pro V5\sdk/vexv5/gcc/libs\libc.a(lib_a-impure.o)
                              C:\Program Files (x86)\VEX Robotics\VEXcode Pro V5\sdk/vexv5\libv5rt.a(v5_startup.c.obj) (_impure_ptr)
C:\Program Files (x86)\VEX Robotics\VEXcode Pro V5\sdk/vexv5/gcc/libs\libc.a(lib_a-init.o)
[...]
Memory Configuration

Name             Origin             Length             Attributes
ps7_ddr_0_S_AXI_BASEADDR 0x03800000         0x04800000
*default*        0x00000000         0xffffffff

Linker script and memory map

                0x00002000                _STACK_SIZE = DEFINED (_STACK_SIZE)?_STACK_SIZE:0x2000
                0x00100000                _HEAP_SIZE = DEFINED (_HEAP_SIZE)?_HEAP_SIZE:0x100000
                0x00000400                _ABORT_STACK_SIZE = DEFINED (_ABORT_STACK_SIZE)?_ABORT_STACK_SIZE:0x400
                0x00000800                _SUPERVISOR_STACK_SIZE = DEFINED (_SUPERVISOR_STACK_SIZE)?_SUPERVISOR_STACK_SIZE:0x800
                0x00000400                _IRQ_STACK_SIZE = DEFINED (_IRQ_STACK_SIZE)?_IRQ_STACK_SIZE:0x400
                0x00000400                _FIQ_STACK_SIZE = DEFINED (_FIQ_STACK_SIZE)?_FIQ_STACK_SIZE:0x400
                0x00000400                _UNDEF_STACK_SIZE = DEFINED (_UNDEF_STACK_SIZE)?_UNDEF_STACK_SIZE:0x400

.text           0x03800000     0xada0
 *(.vectors)
 *(.boot_data)
 .boot_data     0x03800000       0x20 C:\Program Files (x86)\VEX Robotics\VEXcode Pro V5\sdk/vexv5\libv5rt.a(v5_startup.c.obj)
                0x03800000                vexCodeSig
                0x00000020                . = 0x20
 *(.boot)
 .boot          0x03800020       0xbc C:\Program Files (x86)\VEX Robotics\VEXcode Pro V5\sdk/vexv5\libv5rt.a(v5_startup.c.obj)
                0x03800020                vexStartup
                0x03800100                . = ALIGN (0x40)
 *fill*         0x038000dc       0x24 
 *(.freertos_vectors)
 *(.text)
 *(.text.*)
 .text._Z9stopDriveN3vex9brakeTypeE
                0x03800100       0x30 build/src/functions.o
                0x03800100                stopDrive(vex::brakeType)
 .text._Z14driveUntilStopii
                0x03800130      0x2a0 build/src/functions.o
                0x03800130                driveUntilStop(int, int)
 .text._Z13driveIntoWallii
                0x038003d0      0x208 build/src/functions.o
                0x038003d0                driveIntoWall(int, int)
 .text._Z8shootOutv
                0x038005d8      0x120 build/src/functions.o
                0x038005d8                shootOut()
 .text._Z9shootOut2v
                0x038006f8      0x138 build/src/functions.o
                0x038006f8                shootOut2()
 .text._Z19closePneumAndIntakev
                0x03800830      0x1c8 build/src/functions.o
                0x03800830                closePneumAndIntake()
 .text._Z10shootOutBBv
                0x038009f8      0x1b8 build/src/functions.o
                0x038009f8                shootOutBB()
 .text._Z11shootOutBB2v
                0x03800bb0      0x1e0 build/src/functions.o
                0x03800bb0                shootOutBB2()
 .text._Z6deployv
                0x03800d90      0x1c0 build/src/functions.o
                0x03800d90                deploy()
 .text._GLOBAL__sub_I_functions.cpp
                0x03800f50       0x34 build/src/functions.o
 .text._Z9pre_autonv
                0x03800f84      0x2c8 build/src/main.o
                0x03800f84                pre_auton()
 .text._Z10autonomousv
                0x0380124c      0x43c build/src/main.o
                0x0380124c                autonomous()
 .text._Z11usercontrolv
                0x03801688      0x868 build/src/main.o
                0x03801688                usercontrol()
 .text._Z14badBallControlv
                0x03801ef0      0x158 build/src/main.o
                0x03801ef0                badBallControl()
 .text.main     0x03802048       0x80 build/src/main.o
                0x03802048                main
 .text._GLOBAL__sub_I_main.cpp
                0x038020c8       0x5c build/src/main.o
 .text._Z10print_pageii
                0x03802124      0x928 build/src/gui.o
                0x03802124                print_page(int, int)
 .text._Z11page_selectPiS_
                0x03802a4c      0x278 build/src/gui.o
                0x03802a4c                page_select(int*, int*)
 .text._GLOBAL__sub_I_gui.cpp
                0x03802cc4       0x34 build/src/gui.o
 .text._Z7redLongv
                0x03802cf8      0x890 build/src/auton.o
                0x03802cf8                redLong()
 .text._Z8redShortv
                0x03803588      0x4e8 build/src/auton.o
                0x03803588                redShort()
 .text._Z9blueShortv
                0x03803a70      0x4d8 build/src/auton.o
                0x03803a70                blueShort()
 .text._Z8blueLongv
                0x03803f48      0x858 build/src/auton.o
                0x03803f48                blueLong()
 .text._Z6skillsv
                0x038047a0     0x138c build/src/skills.o
                0x038047a0                skills()
 *fill*         0x03805b2c        0x4 
 .text._Z10forwardPIDfiifibi
                0x03805b30      0x3cc build/src/pid.o
                0x03805b30                forwardPID(float, int, int, float, int, bool, int)
 *fill*         0x03805efc        0x4 
 .text._Z14forwardPIDFASTfii
                0x03805f00      0x3d4 build/src/pid.o
                0x03805f00                forwardPIDFAST(float, int, int)
 *fill*         0x038062d4        0x4 
 .text._Z11forwardPID2fii
                0x038062d8      0x3a8 build/src/pid.o
                0x038062d8                forwardPID2(float, int, int)
 .text._Z12backwardPID2fii
                0x03806680      0x3d8 build/src/pid.o
                0x03806680                backwardPID2(float, int, int)
 .text._Z11backwardPIDfiifi
                0x03806a58      0x3bc build/src/pid.o
                0x03806a58                backwardPID(float, int, int, float, int)
 *fill*         0x03806e14        0x4 
 .text._Z8turnLeftfii
                0x03806e18      0x30c build/src/pid.o
                0x03806e18                turnLeft(float, int, int)
 *fill*         0x03807124        0x4 
 .text._Z9turnRightfii
                0x03807128      0x2f4 build/src/pid.o
                0x03807128                turnRight(float, int, int)
 .text._GLOBAL__sub_I_pid.cpp
                0x0380741c       0x34 build/src/pid.o
 .text._ZN3vex11motor_groupC2IJNS_5motorES2_EEERS2_DpRT_
                0x03807450       0x44 build/src/robot-config.o
                0x03807450                vex::motor_group::motor_group<vex::motor, vex::motor>(vex::motor&, vex::motor&, vex::motor&)
 .text._ZN3vex11motor_groupC2IJNS_5motorES2_S2_EEERS2_DpRT_
                0x03807494       0x50 build/src/robot-config.o
                0x03807494                vex::motor_group::motor_group<vex::motor, vex::motor, vex::motor>(vex::motor&, vex::motor&, vex::motor&, vex::motor&)
 .text._Z11vexcodeInitv
                0x038074e4        0x4 build/src/robot-config.o
                0x038074e4                vexcodeInit()
 .text._GLOBAL__sub_I_robot_config.cpp
                0x038074e8      0x530 build/src/robot-config.o
 .text._Z11splineRightfiif
                0x03807a18      0x160 build/src/spline.o
                0x03807a18                splineRight(float, int, int, float)
 .text.vexMain  0x03807b78       0xb0 C:\Program Files (x86)\VEX Robotics\VEXcode Pro V5\sdk/vexv5\libv5rt.a(v5_startup.c.obj)
                0x03807b78                vexMain
 .text.__vex_function_prolog
                0x03807c28       0x18 C:\Program Files (x86)\VEX Robotics\VEXcode Pro V5\sdk/vexv5\libv5rt.a(v5_startup.c.obj)
                0x03807c28                __vex_function_prolog
 .text._init    0x03807c40        0x4 C:\Program Files (x86)\VEX Robotics\VEXcode Pro V5\sdk/vexv5\libv5rt.a(v5_startup.c.obj)
                0x03807c40                _init
 .text._fini    0x03807c44        0x4 C:\Program Files (x86)\VEX Robotics\VEXcode Pro V5\sdk/vexv5\libv5rt.a(v5_startup.c.obj)
                0x03807c44                _fini
 .text.vexStdlibVersionLinked
                0x03807c48        0xc C:\Program Files (x86)\VEX Robotics\VEXcode Pro V5\sdk/vexv5\libv5rt.a(v5_util.c.obj)
                0x03807c48                vexStdlibVersionLinked
 .text.vexStdlibVersionVerify
                0x03807c54       0x30 C:\Program Files (x86)\VEX Robotics\VEXcode Pro V5\sdk/vexv5\libv5rt.a(v5_util.c.obj)
                0x03807c54                vexStdlibVersionVerify
 .text.vexPrivateApiEnable
                0x03807c84       0x10 C:\Program Files (x86)\VEX Robotics\VEXcode Pro V5\sdk/vexv5\libv5rt.a(v5_apijump.c.obj)
                0x03807c84                vexPrivateApiEnable
 .text.vexStdlibMismatchError
                0x03807c94       0x3c C:\Program Files (x86)\VEX Robotics\VEXcode Pro V5\sdk/vexv5\libv5rt.a(v5_apijump.c.obj)
                0x03807c94                vexStdlibMismatchError
 .text.vexTaskAdd
                0x03807cd0       0x10 C:\Program Files (x86)\VEX Robotics\VEXcode Pro V5\sdk/vexv5\libv5rt.a(v5_apijump.c.obj)
                0x03807cd0                vexTaskAdd
 .text.vexTasksRun
                0x03807ce0       0x10 C:\Program Files (x86)\VEX Robotics\VEXcode Pro V5\sdk/vexv5\libv5rt.a(v5_apijump.c.obj)
                0x03807ce0                vexTasksRun
 .text.vexTaskYield
                0x03807cf0       0x10 C:\Program Files (x86)\VEX Robotics\VEXcode Pro V5\sdk/vexv5\libv5rt.a(v5_apijump.c.obj)
                0x03807cf0                vexTaskYield
 .text.vexTaskCheckTimeslice
                0x03807d00       0x10 C:\Program Files (x86)\VEX Robotics\VEXcode Pro V5\sdk/vexv5\libv5rt.a(v5_apijump.c.obj)
                0x03807d00                vexTaskCheckTimeslice
 .text.vexTaskSleep
                0x03807d10       0x10 C:\Program Files (x86)\VEX Robotics\VEXcode Pro V5\sdk/vexv5\libv5rt.a(v5_apijump.c.obj)
                0x03807d10                vexTaskSleep
 .text.vexTasksDump
                0x03807d20       0x1c C:\Program Files (x86)\VEX Robotics\VEXcode Pro V5\sdk/vexv5\libv5rt.a(v5_apijump.c.obj)
                0x03807d20                vexTasksDump
 .text.vexTaskGetTaskIndex
                0x03807d3c       0x10 C:\Program Files (x86)\VEX Robotics\VEXcode Pro V5\sdk/vexv5\libv5rt.a(v5_apijump.c.obj)
                0x03807d3c                vexTaskGetTaskIndex
 .text.vexTaskStopAll
                0x03807d4c       0x10 C:\Program Files (x86)\VEX Robotics\VEXcode Pro V5\sdk/vexv5\libv5rt.a(v5_apijump.c.obj)
                0x03807d4c                vexTaskStopAll
 .text.vexTaskRemoveAllUser
                0x03807d5c       0x34 C:\Program Files (x86)\VEX Robotics\VEXcode Pro V5\sdk/vexv5\libv5rt.a(v5_apijump.c.obj)
                0x03807d5c                vexTaskRemoveAllUser
 .text.vexTaskCompletionIdSet
                0x03807d90       0x10 C:\Program Files (x86)\VEX Robotics\VEXcode Pro V5\sdk/vexv5\libv5rt.a(v5_apijump.c.obj)
                0x03807d90                vexTaskCompletionIdSet
 .text.vexTaskStopWithId
                0x03807da0       0x10 C:\Program Files (x86)\VEX Robotics\VEXcode Pro V5\sdk/vexv5\libv5rt.a(v5_apijump.c.obj)
                0x03807da0                vexTaskStopWithId
 .text.vexCriticalSection
                0x03807db0       0x2c C:\Program Files (x86)\VEX Robotics\VEXcode Pro V5\sdk/vexv5\libv5rt.a(v5_apijump.c.obj)
                0x03807db0                vexCriticalSection
 .text.vexEventAdd
                0x03807ddc       0x34 C:\Program Files (x86)\VEX Robotics\VEXcode Pro V5\sdk/vexv5\libv5rt.a(v5_apijump.c.obj)
                0x03807ddc                vexEventAdd
 .text.vexEventUserIndexGet
                0x03807e10       0x1c C:\Program Files (x86)\VEX Robotics\VEXcode Pro V5\sdk/vexv5\libv5rt.a(v5_apijump.c.obj)
                0x03807e10                vexEventUserIndexGet
 .text.vexEventAddWithArg
                0x03807e2c       0x3c C:\Program Files (x86)\VEX Robotics\VEXcode Pro V5\sdk/vexv5\libv5rt.a(v5_apijump.c.obj)
                0x03807e2c                vexEventAddWithArg
 .text.vexEventsCleanup
                0x03807e68       0x2c C:\Program Files (x86)\VEX Robotics\VEXcode Pro V5\sdk/vexv5\libv5rt.a(v5_apijump.c.obj)
                0x03807e68                vexEventsCleanup
 .text.vexDebug
                0x03807e94       0x38 C:\Program Files (x86)\VEX Robotics\VEXcode Pro V5\sdk/vexv5\libv5rt.a(v5_apijump.c.obj)
                0x03807e94                vexDebug
 .text.vex_sprintf
                0x03807ecc       0x40 C:\Program Files (x86)\VEX Robotics\VEXcode Pro V5\sdk/vexv5\libv5rt.a(v5_apijump.c.obj)
                0x03807ecc                vex_sprintf
 .text.vex_vsnprintf
                0x03807f0c       0x3c C:\Program Files (x86)\VEX Robotics\VEXcode Pro V5\sdk/vexv5\libv5rt.a(v5_apijump.c.obj)
                0x03807f0c                vex_vsnprintf
 .text.vexSystemTimeGet
                0x03807f48       0x1c C:\Program Files (x86)\VEX Robotics\VEXcode Pro V5\sdk/vexv5\libv5rt.a(v5_apijump.c.obj)
                0x03807f48                vexSystemTimeGet
 .text.vexSystemExitRequest
                0x03807f64       0x1c C:\Program Files (x86)\VEX Robotics\VEXcode Pro V5\sdk/vexv5\libv5rt.a(v5_apijump.c.obj)
                0x03807f64                vexSystemExitRequest
 .text.vexDeviceGetByIndex
                0x03807f80       0x24 C:\Program Files (x86)\VEX Robotics\VEXcode Pro V5\sdk/vexv5\libv5rt.a(v5_apijump.c.obj)
                0x03807f80                vexDeviceGetByIndex
 .text.vexControllerGet
                0x03807fa4       0x2c C:\Program Files (x86)\VEX Robotics\VEXcode Pro V5\sdk/vexv5\libv5rt.a(v5_apijump.c.obj)
                0x03807fa4                vexControllerGet
 .text.vexDeviceAdiPortConfigSet
                0x03807fd0       0x34 C:\Program Files (x86)\VEX Robotics\VEXcode Pro V5\sdk/vexv5\libv5rt.a(v5_apijump.c.obj)
                0x03807fd0                vexDeviceAdiPortConfigSet
 .text.vexDeviceAdiPortConfigGet
                0x03808004       0x2c C:\Program Files (x86)\VEX Robotics\VEXcode Pro V5\sdk/vexv5\libv5rt.a(v5_apijump.c.obj)
                0x03808004                vexDeviceAdiPortConfigGet
 .text.vexDeviceAdiValueSet
                0x03808030       0x34 C:\Program Files (x86)\VEX Robotics\VEXcode Pro V5\sdk/vexv5\libv5rt.a(v5_apijump.c.obj)
                0x03808030                vexDeviceAdiValueSet
 .text.vexDeviceAdiValueGet
                0x03808064       0x2c C:\Program Files (x86)\VEX Robotics\VEXcode Pro V5\sdk/vexv5\libv5rt.a(v5_apijump.c.obj)
                0x03808064                vexDeviceAdiValueGet
 .text.vexDeviceMotorVelocitySet
                0x03808090       0x2c C:\Program Files (x86)\VEX Robotics\VEXcode Pro V5\sdk/vexv5\libv5rt.a(v5_apijump.c.obj)
                0x03808090                vexDeviceMotorVelocitySet
 .text.vexDeviceMotorActualVelocityGet
                0x038080bc       0x24 C:\Program Files (x86)\VEX Robotics\VEXcode Pro V5\sdk/vexv5\libv5rt.a(v5_apijump.c.obj)
                0x038080bc                vexDeviceMotorActualVelocityGet
 .text.vexDeviceMotorZeroPositionFlagGet
                0x038080e0       0x24 C:\Program Files (x86)\VEX Robotics\VEXcode Pro V5\sdk/vexv5\libv5rt.a(v5_apijump.c.obj)
                0x038080e0                vexDeviceMotorZeroPositionFlagGet
 .text.vexDeviceMotorReverseFlagSet
                0x03808104       0x2c C:\Program Files (x86)\VEX Robotics\VEXcode Pro V5\sdk/vexv5\libv5rt.a(v5_apijump.c.obj)
                0x03808104                vexDeviceMotorReverseFlagSet
 .text.vexDeviceMotorEncoderUnitsSet
                0x03808130       0x2c C:\Program Files (x86)\VEX Robotics\VEXcode Pro V5\sdk/vexv5\libv5rt.a(v5_apijump.c.obj)
                0x03808130                vexDeviceMotorEncoderUnitsSet
 .text.vexDeviceMotorBrakeModeSet
                0x0380815c       0x2c C:\Program Files (x86)\VEX Robotics\VEXcode Pro V5\sdk/vexv5\libv5rt.a(v5_apijump.c.obj)
                0x0380815c                vexDeviceMotorBrakeModeSet
 .text.vexDeviceMotorPositionSet
                0x03808188       0x34 C:\Program Files (x86)\VEX Robotics\VEXcode Pro V5\sdk/vexv5\libv5rt.a(v5_apijump.c.obj)
                0x03808188                vexDeviceMotorPositionSet
 .text.vexDeviceMotorRelativeTargetSet
                0x038081bc       0x3c C:\Program Files (x86)\VEX Robotics\VEXcode Pro V5\sdk/vexv5\libv5rt.a(v5_apijump.c.obj)
                0x038081bc                vexDeviceMotorRelativeTargetSet
 .text.vexDeviceMotorGearingSet
                0x038081f8       0x2c C:\Program Files (x86)\VEX Robotics\VEXcode Pro V5\sdk/vexv5\libv5rt.a(v5_apijump.c.obj)
                0x038081f8                vexDeviceMotorGearingSet
 .text.vexDeviceMotorGearingGet
                0x03808224       0x24 C:\Program Files (x86)\VEX Robotics\VEXcode Pro V5\sdk/vexv5\libv5rt.a(v5_apijump.c.obj)
                0x03808224                vexDeviceMotorGearingGet
 .text.vexDeviceImuReset
                0x03808248       0x24 C:\Program Files (x86)\VEX Robotics\VEXcode Pro V5\sdk/vexv5\libv5rt.a(v5_apijump.c.obj)
                0x03808248                vexDeviceImuReset
 .text.vexDeviceImuHeadingGet
                0x0380826c       0x24 C:\Program Files (x86)\VEX Robotics\VEXcode Pro V5\sdk/vexv5\libv5rt.a(v5_apijump.c.obj)
                0x0380826c                vexDeviceImuHeadingGet
 .text.vexDeviceImuDegreesGet
                0x03808290       0x24 C:\Program Files (x86)\VEX Robotics\VEXcode Pro V5\sdk/vexv5\libv5rt.a(v5_apijump.c.obj)
                0x03808290                vexDeviceImuDegreesGet
 .text.vexDeviceImuStatusGet
                0x038082b4       0x24 C:\Program Files (x86)\VEX Robotics\VEXcode Pro V5\sdk/vexv5\libv5rt.a(v5_apijump.c.obj)
                0x038082b4                vexDeviceImuStatusGet
 .text.vexDeviceOpticalHueGet
                0x038082d8       0x24 C:\Program Files (x86)\VEX Robotics\VEXcode Pro V5\sdk/vexv5\libv5rt.a(v5_apijump.c.obj)
                0x038082d8                vexDeviceOpticalHueGet
 .text.vexDeviceOpticalLedPwmSet
                0x038082fc       0x2c C:\Program Files (x86)\VEX Robotics\VEXcode Pro V5\sdk/vexv5\libv5rt.a(v5_apijump.c.obj)
                0x038082fc                vexDeviceOpticalLedPwmSet
 .text.vexDeviceOpticalGestureEnable
                0x03808328       0x24 C:\Program Files (x86)\VEX Robotics\VEXcode Pro V5\sdk/vexv5\libv5rt.a(v5_apijump.c.obj)
                0x03808328                vexDeviceOpticalGestureEnable
 .text.vexDeviceOpticalGestureDisable
                0x0380834c       0x24 C:\Program Files (x86)\VEX Robotics\VEXcode Pro V5\sdk/vexv5\libv5rt.a(v5_apijump.c.obj)
                0x0380834c                vexDeviceOpticalGestureDisable
 .text.vexDeviceOpticalProximityThreshold
                0x03808370       0x2c C:\Program Files (x86)\VEX Robotics\VEXcode Pro V5\sdk/vexv5\libv5rt.a(v5_apijump.c.obj)
                0x03808370                vexDeviceOpticalProximityThreshold
 .text.vexDisplayForegroundColor
                0x0380839c       0x24 C:\Program Files (x86)\VEX Robotics\VEXcode Pro V5\sdk/vexv5\libv5rt.a(v5_apijump.c.obj)
                0x0380839c                vexDisplayForegroundColor
 .text.vexDisplayBackgroundColor
                0x038083c0       0x24 C:\Program Files (x86)\VEX Robotics\VEXcode Pro V5\sdk/vexv5\libv5rt.a(v5_apijump.c.obj)
                0x038083c0                vexDisplayBackgroundColor
 .text.vexDisplayBackgroundColorGet
                0x038083e4       0x1c C:\Program Files (x86)\VEX Robotics\VEXcode Pro V5\sdk/vexv5\libv5rt.a(v5_apijump.c.obj)
                0x038083e4                vexDisplayBackgroundColorGet
 .text.vexDisplayRectDraw
                0x03808400       0x4c C:\Program Files (x86)\VEX Robotics\VEXcode Pro V5\sdk/vexv5\libv5rt.a(v5_apijump.c.obj)
                0x03808400                vexDisplayRectDraw
 .text.vexDisplayRectClear
                0x0380844c       0x4c C:\Program Files (x86)\VEX Robotics\VEXcode Pro V5\sdk/vexv5\libv5rt.a(v5_apijump.c.obj)
                0x0380844c                vexDisplayRectClear
 .text.vexDisplayPrintf
                0x03808498       0x68 C:\Program Files (x86)\VEX Robotics\VEXcode Pro V5\sdk/vexv5\libv5rt.a(v5_apijump.c.obj)
                0x03808498                vexDisplayPrintf
 .text.vexDisplayTextReference
                0x03808500       0x24 C:\Program Files (x86)\VEX Robotics\VEXcode Pro V5\sdk/vexv5\libv5rt.a(v5_apijump.c.obj)
                0x03808500                vexDisplayTextReference
 .text.vexDisplayTextSize
                0x03808524       0x2c C:\Program Files (x86)\VEX Robotics\VEXcode Pro V5\sdk/vexv5\libv5rt.a(v5_apijump.c.obj)
                0x03808524                vexDisplayTextSize
 .text.vexDisplayFontNamedSet
                0x03808550       0x24 C:\Program Files (x86)\VEX Robotics\VEXcode Pro V5\sdk/vexv5\libv5rt.a(v5_apijump.c.obj)
                0x03808550                vexDisplayFontNamedSet
 .text.vexDisplayStringWidthGet
                0x03808574       0x24 C:\Program Files (x86)\VEX Robotics\VEXcode Pro V5\sdk/vexv5\libv5rt.a(v5_apijump.c.obj)
                0x03808574                vexDisplayStringWidthGet
 .text.vexDisplayPenSizeGet
                0x03808598       0x1c C:\Program Files (x86)\VEX Robotics\VEXcode Pro V5\sdk/vexv5\libv5rt.a(v5_apijump.c.obj)
                0x03808598                vexDisplayPenSizeGet
 .text.vexSystemStdlibImpureDataAddr
                0x038085b4       0x28 C:\Program Files (x86)\VEX Robotics\VEXcode Pro V5\sdk/vexv5\libv5rt.a(v5_apijump.c.obj)
                0x038085b4                vexSystemStdlibImpureDataAddr
 .text.vexSystemStdlibImpureDataSize
                0x038085dc       0x28 C:\Program Files (x86)\VEX Robotics\VEXcode Pro V5\sdk/vexv5\libv5rt.a(v5_apijump.c.obj)
                0x038085dc                vexSystemStdlibImpureDataSize
 .text.vexSystemSaveUserData
                0x03808604       0x3c C:\Program Files (x86)\VEX Robotics\VEXcode Pro V5\sdk/vexv5\libv5rt.a(v5_apijump.c.obj)
                0x03808604                vexSystemSaveUserData
 .text.vexTouchDataGet
                0x03808640       0x10 C:\Program Files (x86)\VEX Robotics\VEXcode Pro V5\sdk/vexv5\libv5rt.a(v5_apijump.c.obj)
                0x03808640                vexTouchDataGet
 .text.vexDisplayThemeIdGet
                0x03808650       0x38 C:\Program Files (x86)\VEX Robotics\VEXcode Pro V5\sdk/vexv5\libv5rt.a(v5_apijump.c.obj)
                0x03808650                vexDisplayThemeIdGet
 .text.vexCompetitionStatus
                0x03808688       0x1c C:\Program Files (x86)\VEX Robotics\VEXcode Pro V5\sdk/vexv5\libv5rt.a(v5_apijump.c.obj)
                0x03808688                vexCompetitionStatus
 .text.vexBatteryCapacityGet
                0x038086a4       0x1c C:\Program Files (x86)\VEX Robotics\VEXcode Pro V5\sdk/vexv5\libv5rt.a(v5_apijump.c.obj)
                0x038086a4                vexBatteryCapacityGet
 .text.vexDeviceEventMaskSet
                0x038086c0       0x48 C:\Program Files (x86)\VEX Robotics\VEXcode Pro V5\sdk/vexv5\libv5rt.a(v5_apijump.c.obj)
                0x038086c0                vexDeviceEventMaskSet
 .text.vexDeviceEventMaskGet
                0x03808708       0x3c C:\Program Files (x86)\VEX Robotics\VEXcode Pro V5\sdk/vexv5\libv5rt.a(v5_apijump.c.obj)
                0x03808708                vexDeviceEventMaskGet
 .text.vexSystemVersion
                0x03808744       0x10 C:\Program Files (x86)\VEX Robotics\VEXcode Pro V5\sdk/vexv5\libv5rt.a(v5_apiversions.c.obj)
                0x03808744                vexSystemVersion
 .text.vexStdlibVersion
                0x03808754       0x10 C:\Program Files (x86)\VEX Robotics\VEXcode Pro V5\sdk/vexv5\libv5rt.a(v5_apiversions.c.obj)
                0x03808754                vexStdlibVersion
 *fill*         0x03808764        0x4 
 .text._ZN3vex4waitEdNS_9timeUnitsE
                0x03808768       0x30 C:\Program Files (x86)\VEX Robotics\VEXcode Pro V5\sdk/vexv5\libv5rt.a(vex_global.cpp.obj)
                0x03808768                vex::wait(double, vex::timeUnits)
 .text._ZN3vex5motorD2Ev
                0x03808798       0x20 C:\Program Files (x86)\VEX Robotics\VEXcode Pro V5\sdk/vexv5\libv5rt.a(vex_motor.cpp.obj)
                0x03808798                vex::motor::~motor()
                0x03808798                vex::motor::~motor()
 .text._ZN3vex5motorD0Ev
                0x038087b8       0x1c C:\Program Files (x86)\VEX Robotics\VEXcode Pro V5\sdk/vexv5\libv5rt.a(vex_motor.cpp.obj)
                0x038087b8                vex::motor::~motor()
 .text._ZN3vex5motor9installedEv
                0x038087d4       0x18 C:\Program Files (x86)\VEX Robotics\VEXcode Pro V5\sdk/vexv5\libv5rt.a(vex_motor.cpp.obj)
                0x038087d4                vex::motor::installed()
 .text._ZN3vex5motor15defaultStoppingENS_9brakeTypeE
                0x038087ec       0x30 C:\Program Files (x86)\VEX Robotics\VEXcode Pro V5\sdk/vexv5\libv5rt.a(vex_motor.cpp.obj)
                0x038087ec                vex::motor::defaultStopping(vex::brakeType)
 .text._ZN3vex5motorC2El
                0x0380881c       0x78 C:\Program Files (x86)\VEX Robotics\VEXcode Pro V5\sdk/vexv5\libv5rt.a(vex_motor.cpp.obj)
                0x0380881c                vex::motor::motor(long)
                0x0380881c                vex::motor::motor(long)
 .text._ZN3vex5motorC2ElNS_11gearSettingEb
                0x03808894       0x34 C:\Program Files (x86)\VEX Robotics\VEXcode Pro V5\sdk/vexv5\libv5rt.a(vex_motor.cpp.obj)
                0x03808894                vex::motor::motor(long, vex::gearSetting, bool)
                0x03808894                vex::motor::motor(long, vex::gearSetting, bool)
 .text._ZN3vex5motorC2ElNS_11gearSettingE
                0x038088c8       0x24 C:\Program Files (x86)\VEX Robotics\VEXcode Pro V5\sdk/vexv5\libv5rt.a(vex_motor.cpp.obj)
                0x038088c8                vex::motor::motor(long, vex::gearSetting)
                0x038088c8                vex::motor::motor(long, vex::gearSetting)
 .text._ZN3vex5motor10isSpinningEv
                0x038088ec       0x38 C:\Program Files (x86)\VEX Robotics\VEXcode Pro V5\sdk/vexv5\libv5rt.a(vex_motor.cpp.obj)
                0x038088ec                vex::motor::isSpinning()
 .text._ZN3vex5motor4stopENS_9brakeTypeE
                0x03808924       0x30 C:\Program Files (x86)\VEX Robotics\VEXcode Pro V5\sdk/vexv5\libv5rt.a(vex_motor.cpp.obj)
                0x03808924                vex::motor::stop(vex::brakeType)
 .text._ZN3vex5motor4stopEv
                0x03808954        0x8 C:\Program Files (x86)\VEX Robotics\VEXcode Pro V5\sdk/vexv5\libv5rt.a(vex_motor.cpp.obj)
                0x03808954                vex::motor::stop()
 .text._ZN3vex5motor16velocityToScaledEdNS_13velocityUnitsE
                0x0380895c       0x5c C:\Program Files (x86)\VEX Robotics\VEXcode Pro V5\sdk/vexv5\libv5rt.a(vex_motor.cpp.obj)
                0x0380895c                vex::motor::velocityToScaled(double, vex::velocityUnits)
 .text._ZN3vex5motor8velocityENS_13velocityUnitsE
                0x038089b8       0x30 C:\Program Files (x86)\VEX Robotics\VEXcode Pro V5\sdk/vexv5\libv5rt.a(vex_motor.cpp.obj)
                0x038089b8                vex::motor::velocity(vex::velocityUnits)
 .text._ZN3vex5motor5valueEv
                0x038089e8       0x1c C:\Program Files (x86)\VEX Robotics\VEXcode Pro V5\sdk/vexv5\libv5rt.a(vex_motor.cpp.obj)
                0x038089e8                vex::motor::value()
 .text._ZN3vex5motor16scaledToVelocityEdNS_13velocityUnitsE
                0x03808a04       0xa4 C:\Program Files (x86)\VEX Robotics\VEXcode Pro V5\sdk/vexv5\libv5rt.a(vex_motor.cpp.obj)
                0x03808a04                vex::motor::scaledToVelocity(double, vex::velocityUnits)
 .text._ZN3vex5motor4spinENS_13directionTypeEdNS_13velocityUnitsE
                0x03808aa8       0x5c C:\Program Files (x86)\VEX Robotics\VEXcode Pro V5\sdk/vexv5\libv5rt.a(vex_motor.cpp.obj)
                0x03808aa8                vex::motor::spin(vex::directionType, double, vex::velocityUnits)
 .text._ZN3vex5motor16setRotationUnitsENS_13rotationUnitsE
                0x03808b04       0x1c C:\Program Files (x86)\VEX Robotics\VEXcode Pro V5\sdk/vexv5\libv5rt.a(vex_motor.cpp.obj)
                0x03808b04                vex::motor::setRotationUnits(vex::rotationUnits)
 .text._ZN3vex5motor9rotateForEdNS_13rotationUnitsEdNS_13velocityUnitsEb
                0x03808b20       0xe0 C:\Program Files (x86)\VEX Robotics\VEXcode Pro V5\sdk/vexv5\libv5rt.a(vex_motor.cpp.obj)
                0x03808b20                vex::motor::rotateFor(double, vex::rotationUnits, double, vex::velocityUnits, bool)
 .text._ZN3vex5motor9rotateForENS_13directionTypeEdNS_13rotationUnitsEdNS_13velocityUnitsEb
                0x03808c00       0x34 C:\Program Files (x86)\VEX Robotics\VEXcode Pro V5\sdk/vexv5\libv5rt.a(vex_motor.cpp.obj)
                0x03808c00                vex::motor::rotateFor(vex::directionType, double, vex::rotationUnits, double, vex::velocityUnits, bool)
 *fill*         0x03808c34        0x4 
 .text._ZN3vex8inertial10setHeadingEdNS_13rotationUnitsE
                0x03808c38       0x60 C:\Program Files (x86)\VEX Robotics\VEXcode Pro V5\sdk/vexv5\libv5rt.a(vex_imu.cpp.obj)
                0x03808c38                vex::inertial::setHeading(double, vex::rotationUnits)
 .text._ZThn16_N3vex8inertial10setHeadingEdNS_13rotationUnitsE
                0x03808c98        0x8 C:\Program Files (x86)\VEX Robotics\VEXcode Pro V5\sdk/vexv5\libv5rt.a(vex_imu.cpp.obj)
                0x03808c98                non-virtual thunk to vex::inertial::setHeading(double, vex::rotationUnits)
 .text._ZN3vex8inertial11setRotationEdNS_13rotationUnitsE
                0x03808ca0       0x60 C:\Program Files (x86)\VEX Robotics\VEXcode Pro V5\sdk/vexv5\libv5rt.a(vex_imu.cpp.obj)
                0x03808ca0                vex::inertial::setRotation(double, vex::rotationUnits)
 .text._ZThn16_N3vex8inertial11setRotationEdNS_13rotationUnitsE
                0x03808d00        0x8 C:\Program Files (x86)\VEX Robotics\VEXcode Pro V5\sdk/vexv5\libv5rt.a(vex_imu.cpp.obj)
                0x03808d00                non-virtual thunk to vex::inertial::setRotation(double, vex::rotationUnits)
 .text._ZN3vex8inertialD2Ev
                0x03808d08       0x20 C:\Program Files (x86)\VEX Robotics\VEXcode Pro V5\sdk/vexv5\libv5rt.a(vex_imu.cpp.obj)
                0x03808d08                vex::inertial::~inertial()
                0x03808d08                vex::inertial::~inertial()
 .text._ZThn16_N3vex8inertialD1Ev
                0x03808d28        0x8 C:\Program Files (x86)\VEX Robotics\VEXcode Pro V5\sdk/vexv5\libv5rt.a(vex_imu.cpp.obj)
                0x03808d28                non-virtual thunk to vex::inertial::~inertial()
 .text._ZN3vex8inertialD0Ev
                0x03808d30       0x1c C:\Program Files (x86)\VEX Robotics\VEXcode Pro V5\sdk/vexv5\libv5rt.a(vex_imu.cpp.obj)
                0x03808d30                vex::inertial::~inertial()
 .text._ZThn16_N3vex8inertialD0Ev
                0x03808d4c        0x8 C:\Program Files (x86)\VEX Robotics\VEXcode Pro V5\sdk/vexv5\libv5rt.a(vex_imu.cpp.obj)
                0x03808d4c                non-virtual thunk to vex::inertial::~inertial()
 .text._ZN3vex8inertial9installedEv
                0x03808d54       0x18 C:\Program Files (x86)\VEX Robotics\VEXcode Pro V5\sdk/vexv5\libv5rt.a(vex_imu.cpp.obj)
                0x03808d54                vex::inertial::installed()
 .text._ZN3vex8inertial5angleENS_13rotationUnitsE
                0x03808d6c       0x60 C:\Program Files (x86)\VEX Robotics\VEXcode Pro V5\sdk/vexv5\libv5rt.a(vex_imu.cpp.obj)
                0x03808d6c                vex::inertial::angle(vex::rotationUnits)
 .text._ZThn16_N3vex8inertial5angleENS_13rotationUnitsE
                0x03808dcc        0x8 C:\Program Files (x86)\VEX Robotics\VEXcode Pro V5\sdk/vexv5\libv5rt.a(vex_imu.cpp.obj)
                0x03808dcc                non-virtual thunk to vex::inertial::angle(vex::rotationUnits)
 .text._ZN3vex8inertial7headingENS_13rotationUnitsE
                0x03808dd4        0x4 C:\Program Files (x86)\VEX Robotics\VEXcode Pro V5\sdk/vexv5\libv5rt.a(vex_imu.cpp.obj)
                0x03808dd4                vex::inertial::heading(vex::rotationUnits)
 .text._ZThn16_N3vex8inertial7headingENS_13rotationUnitsE
                0x03808dd8        0x8 C:\Program Files (x86)\VEX Robotics\VEXcode Pro V5\sdk/vexv5\libv5rt.a(vex_imu.cpp.obj)
                0x03808dd8                non-virtual thunk to vex::inertial::heading(vex::rotationUnits)
 .text._ZN3vex8inertial5valueEv
                0x03808de0       0x1c C:\Program Files (x86)\VEX Robotics\VEXcode Pro V5\sdk/vexv5\libv5rt.a(vex_imu.cpp.obj)
                0x03808de0                vex::inertial::value()
 *fill*         0x03808dfc        0x4 
 .text._ZN3vex8inertial8rotationENS_13rotationUnitsE
                0x03808e00       0x40 C:\Program Files (x86)\VEX Robotics\VEXcode Pro V5\sdk/vexv5\libv5rt.a(vex_imu.cpp.obj)
                0x03808e00                vex::inertial::rotation(vex::rotationUnits)
 .text._ZThn16_N3vex8inertial8rotationENS_13rotationUnitsE
                0x03808e40        0x8 C:\Program Files (x86)\VEX Robotics\VEXcode Pro V5\sdk/vexv5\libv5rt.a(vex_imu.cpp.obj)
                0x03808e40                non-virtual thunk to vex::inertial::rotation(vex::rotationUnits)
 .text._ZN3vex8inertial13isCalibratingEv
                0x03808e48       0x38 C:\Program Files (x86)\VEX Robotics\VEXcode Pro V5\sdk/vexv5\libv5rt.a(vex_imu.cpp.obj)
                0x03808e48                vex::inertial::isCalibrating()
 .text._ZThn16_N3vex8inertial13isCalibratingEv
                0x03808e80        0x8 C:\Program Files (x86)\VEX Robotics\VEXcode Pro V5\sdk/vexv5\libv5rt.a(vex_imu.cpp.obj)
                0x03808e80                non-virtual thunk to vex::inertial::isCalibrating()
 .text._ZN3vex8inertialC2El
                0x03808e88       0x48 C:\Program Files (x86)\VEX Robotics\VEXcode Pro V5\sdk/vexv5\libv5rt.a(vex_imu.cpp.obj)
                0x03808e88                vex::inertial::inertial(long)
                0x03808e88                vex::inertial::inertial(long)
 .text._ZN3vex8inertial16startCalibrationEl
                0x03808ed0       0x20 C:\Program Files (x86)\VEX Robotics\VEXcode Pro V5\sdk/vexv5\libv5rt.a(vex_imu.cpp.obj)
                0x03808ed0                vex::inertial::startCalibration(long)
 .text._ZN3vex8inertial9calibrateEl
                0x03808ef0        0xc C:\Program Files (x86)\VEX Robotics\VEXcode Pro V5\sdk/vexv5\libv5rt.a(vex_imu.cpp.obj)
                0x03808ef0                vex::inertial::calibrate(long)
                0x03808ef4                non-virtual thunk to vex::inertial::calibrate(long)
 .text._ZN3vex7opticalD2Ev
                0x03808efc       0x20 C:\Program Files (x86)\VEX Robotics\VEXcode Pro V5\sdk/vexv5\libv5rt.a(vex_optical.cpp.obj)
                0x03808efc                vex::optical::~optical()
                0x03808efc                vex::optical::~optical()
 .text._ZN3vex7opticalD0Ev
                0x03808f1c       0x1c C:\Program Files (x86)\VEX Robotics\VEXcode Pro V5\sdk/vexv5\libv5rt.a(vex_optical.cpp.obj)
                0x03808f1c                vex::optical::~optical()
 .text._ZN3vex7optical9installedEv
                0x03808f38       0x18 C:\Program Files (x86)\VEX Robotics\VEXcode Pro V5\sdk/vexv5\libv5rt.a(vex_optical.cpp.obj)
                0x03808f38                vex::optical::installed()
 .text._ZN3vex7optical3hueEv
                0x03808f50        0x8 C:\Program Files (x86)\VEX Robotics\VEXcode Pro V5\sdk/vexv5\libv5rt.a(vex_optical.cpp.obj)
                0x03808f50                vex::optical::hue()
 .text._ZN3vex7optical5valueEv
                0x03808f58       0x18 C:\Program Files (x86)\VEX Robotics\VEXcode Pro V5\sdk/vexv5\libv5rt.a(vex_optical.cpp.obj)
                0x03808f58                vex::optical::value()
 .text._ZN3vex7optical8setLightENS_8ledStateE
                0x03808f70       0x18 C:\Program Files (x86)\VEX Robotics\VEXcode Pro V5\sdk/vexv5\libv5rt.a(vex_optical.cpp.obj)
                0x03808f70                vex::optical::setLight(vex::ledState)
 .text._ZN3vex7optical13setLightPowerElNS_12percentUnitsE
                0x03808f88       0x2c C:\Program Files (x86)\VEX Robotics\VEXcode Pro V5\sdk/vexv5\libv5rt.a(vex_optical.cpp.obj)
                0x03808f88                vex::optical::setLightPower(long, vex::percentUnits)
 .text._ZN3vex7optical13gestureEnableEv
                0x03808fb4        0x8 C:\Program Files (x86)\VEX Robotics\VEXcode Pro V5\sdk/vexv5\libv5rt.a(vex_optical.cpp.obj)
                0x03808fb4                vex::optical::gestureEnable()
 .text._ZN3vex7optical14gestureDisableEv
                0x03808fbc        0x8 C:\Program Files (x86)\VEX Robotics\VEXcode Pro V5\sdk/vexv5\libv5rt.a(vex_optical.cpp.obj)
                0x03808fbc                vex::optical::gestureDisable()
 .text._ZN3vex7opticalC2Elb
                0x03808fc4       0x54 C:\Program Files (x86)\VEX Robotics\VEXcode Pro V5\sdk/vexv5\libv5rt.a(vex_optical.cpp.obj)
                0x03808fc4                vex::optical::optical(long, bool)
                0x03808fc4                vex::optical::optical(long, bool)
 .text._ZN3vex10controllerD2Ev
                0x03809018        0x4 C:\Program Files (x86)\VEX Robotics\VEXcode Pro V5\sdk/vexv5\libv5rt.a(vex_controller.cpp.obj)
                0x03809018                vex::controller::~controller()
                0x03809018                vex::controller::~controller()
 .text._ZN3vex10controller5valueE19_V5_ControllerIndex
                0x0380901c        0x8 C:\Program Files (x86)\VEX Robotics\VEXcode Pro V5\sdk/vexv5\libv5rt.a(vex_controller.cpp.obj)
                0x0380901c                vex::controller::value(_V5_ControllerIndex)
 .text._ZN3vex10controller6button8pressingEv
                0x03809024       0xc8 C:\Program Files (x86)\VEX Robotics\VEXcode Pro V5\sdk/vexv5\libv5rt.a(vex_controller.cpp.obj)
                0x03809024                vex::controller::button::pressing()
 .text._ZN3vex10controller6button21_buttonToPressedEventEv
                0x038090ec       0x20 C:\Program Files (x86)\VEX Robotics\VEXcode Pro V5\sdk/vexv5\libv5rt.a(vex_controller.cpp.obj)
                0x038090ec                vex::controller::button::_buttonToPressedEvent()
 .text._ZN3vex10controller6button22_buttonToReleasedEventEv
                0x0380910c       0x20 C:\Program Files (x86)\VEX Robotics\VEXcode Pro V5\sdk/vexv5\libv5rt.a(vex_controller.cpp.obj)
                0x0380910c                vex::controller::button::_buttonToReleasedEvent()
 .text._ZN3vex10controller6buttonC2ENS0_11tButtonTypeEPS0_
                0x0380912c       0x48 C:\Program Files (x86)\VEX Robotics\VEXcode Pro V5\sdk/vexv5\libv5rt.a(vex_controller.cpp.obj)
                0x0380912c                vex::controller::button::button(vex::controller::tButtonType, vex::controller*)
                0x0380912c                vex::controller::button::button(vex::controller::tButtonType, vex::controller*)
 .text._ZN3vex10controller4axis5valueEv
                0x03809174       0x58 C:\Program Files (x86)\VEX Robotics\VEXcode Pro V5\sdk/vexv5\libv5rt.a(vex_controller.cpp.obj)
                0x03809174                vex::controller::axis::value()
 .text._ZN3vex10controller4axis8positionENS_12percentUnitsE
                0x038091cc       0x1c C:\Program Files (x86)\VEX Robotics\VEXcode Pro V5\sdk/vexv5\libv5rt.a(vex_controller.cpp.obj)
                0x038091cc                vex::controller::axis::position(vex::percentUnits)
 .text._ZN3vex10controller4axis23_joystickToChangedEventEv
                0x038091e8       0x20 C:\Program Files (x86)\VEX Robotics\VEXcode Pro V5\sdk/vexv5\libv5rt.a(vex_controller.cpp.obj)
                0x038091e8                vex::controller::axis::_joystickToChangedEvent()
 .text._ZN3vex10controller4axisC2ENS0_9tAxisTypeEPS0_
                0x03809208       0x2c C:\Program Files (x86)\VEX Robotics\VEXcode Pro V5\sdk/vexv5\libv5rt.a(vex_controller.cpp.obj)
                0x03809208                vex::controller::axis::axis(vex::controller::tAxisType, vex::controller*)
                0x03809208                vex::controller::axis::axis(vex::controller::tAxisType, vex::controller*)
 .text._ZN3vex10controllerC2ENS_14controllerTypeE
                0x03809234      0x204 C:\Program Files (x86)\VEX Robotics\VEXcode Pro V5\sdk/vexv5\libv5rt.a(vex_controller.cpp.obj)
                0x03809234                vex::controller::controller(vex::controllerType)
                0x03809234                vex::controller::controller(vex::controllerType)
 .text._ZN3vex4taskC2EPFivE
                0x03809438       0x5c C:\Program Files (x86)\VEX Robotics\VEXcode Pro V5\sdk/vexv5\libv5rt.a(vex_task.cpp.obj)
                0x03809438                vex::task::task(int (*)())
                0x03809438                vex::task::task(int (*)())
 .text._ZN3vex4taskD2Ev
                0x03809494        0x4 C:\Program Files (x86)\VEX Robotics\VEXcode Pro V5\sdk/vexv5\libv5rt.a(vex_task.cpp.obj)
                0x03809494                vex::task::~task()
                0x03809494                vex::task::~task()
 .text._ZN3vex4task4stopERKS0_
                0x03809498       0x18 C:\Program Files (x86)\VEX Robotics\VEXcode Pro V5\sdk/vexv5\libv5rt.a(vex_task.cpp.obj)
                0x03809498                vex::task::stop(vex::task const&)
 .text._ZN3vex4task6_indexEPFivE
                0x038094b0       0x14 C:\Program Files (x86)\VEX Robotics\VEXcode Pro V5\sdk/vexv5\libv5rt.a(vex_task.cpp.obj)
                0x038094b0                vex::task::_index(int (*)())
 .text._ZN3vex4task8_stopAllEv
                0x038094c4       0x3c C:\Program Files (x86)\VEX Robotics\VEXcode Pro V5\sdk/vexv5\libv5rt.a(vex_task.cpp.obj)
                0x038094c4                vex::task::_stopAll()
 .text._ZN3vex11this_thread9sleep_forEm
                0x03809500        0x4 C:\Program Files (x86)\VEX Robotics\VEXcode Pro V5\sdk/vexv5\libv5rt.a(vex_thread.cpp.obj)
                0x03809500                vex::this_thread::sleep_for(unsigned long)
 .text._ZN3vex5event4initEmmPFvvE
                0x03809504        0x4 C:\Program Files (x86)\VEX Robotics\VEXcode Pro V5\sdk/vexv5\libv5rt.a(vex_event.cpp.obj)
                0x03809504                vex::event::init(unsigned long, unsigned long, void (*)())
 .text._ZN3vex5event4initEmmPFvPvES1_
                0x03809508        0x4 C:\Program Files (x86)\VEX Robotics\VEXcode Pro V5\sdk/vexv5\libv5rt.a(vex_event.cpp.obj)
                0x03809508                vex::event::init(unsigned long, unsigned long, void (*)(void*), void*)
 .text._ZN3vex5event9userindexEv
                0x0380950c        0x4 C:\Program Files (x86)\VEX Robotics\VEXcode Pro V5\sdk/vexv5\libv5rt.a(vex_event.cpp.obj)
                0x0380950c                vex::event::userindex()
 .text._ZZN3vex6meventC4EmmENUlvE_4_FUNEv
                0x03809510        0x4 C:\Program Files (x86)\VEX Robotics\VEXcode Pro V5\sdk/vexv5\libv5rt.a(vex_mevent.cpp.obj)
 .text._ZN3vex6meventC2Emm
                0x03809514       0x70 C:\Program Files (x86)\VEX Robotics\VEXcode Pro V5\sdk/vexv5\libv5rt.a(vex_mevent.cpp.obj)
                0x03809514                vex::mevent::mevent(unsigned long, unsigned long)
                0x03809514                vex::mevent::mevent(unsigned long, unsigned long)
 .text._ZN3vex5brain9_getIndexEv
                0x03809584       0x10 C:\Program Files (x86)\VEX Robotics\VEXcode Pro V5\sdk/vexv5\libv5rt.a(vex_brain.cpp.obj)
                0x03809584                vex::brain::_getIndex()
 .text._ZN3vex5brain3lcd9setCursorEll
                0x03809594       0x44 C:\Program Files (x86)\VEX Robotics\VEXcode Pro V5\sdk/vexv5\libv5rt.a(vex_brain.cpp.obj)
                0x03809594                vex::brain::lcd::setCursor(long, long)
 .text._ZN3vex5brain3lcd7setFontENS_8fontTypeE
                0x038095d8      0x23c C:\Program Files (x86)\VEX Robotics\VEXcode Pro V5\sdk/vexv5\libv5rt.a(vex_brain.cpp.obj)
                0x038095d8                vex::brain::lcd::setFont(vex::fontType)
 .text._ZN3vex5brain3lcdC2Ev
                0x03809814       0x94 C:\Program Files (x86)\VEX Robotics\VEXcode Pro V5\sdk/vexv5\libv5rt.a(vex_brain.cpp.obj)
                0x03809814                vex::brain::lcd::lcd()
                0x03809814                vex::brain::lcd::lcd()
 .text._ZN3vex5brainC2Ev
                0x038098a8       0x38 C:\Program Files (x86)\VEX Robotics\VEXcode Pro V5\sdk/vexv5\libv5rt.a(vex_brain.cpp.obj)
                0x038098a8                vex::brain::brain()
                0x038098a8                vex::brain::brain()
 .text._ZN3vex5brain3lcd11setPenColorERKNS_5colorE
                0x038098e0       0x14 C:\Program Files (x86)\VEX Robotics\VEXcode Pro V5\sdk/vexv5\libv5rt.a(vex_brain.cpp.obj)
                0x038098e0                vex::brain::lcd::setPenColor(vex::color const&)
 .text._ZN3vex5brain3lcd12setFillColorERKNS_5colorE
                0x038098f4       0x38 C:\Program Files (x86)\VEX Robotics\VEXcode Pro V5\sdk/vexv5\libv5rt.a(vex_brain.cpp.obj)
                0x038098f4                vex::brain::lcd::setFillColor(vex::color const&)
 .text._ZN3vex5brain3lcd7printAtEllPKcz
                0x0380992c       0x6c C:\Program Files (x86)\VEX Robotics\VEXcode Pro V5\sdk/vexv5\libv5rt.a(vex_brain.cpp.obj)
                0x0380992c                vex::brain::lcd::printAt(long, long, char const*, ...)
 .text._ZN3vex5brain3lcd12_clearScreenEm
                0x03809998       0x38 C:\Program Files (x86)\VEX Robotics\VEXcode Pro V5\sdk/vexv5\libv5rt.a(vex_brain.cpp.obj)
                0x03809998                vex::brain::lcd::_clearScreen(unsigned long)
 .text._ZN3vex5brain3lcd11clearScreenERKNS_5colorE
                0x038099d0       0x20 C:\Program Files (x86)\VEX Robotics\VEXcode Pro V5\sdk/vexv5\libv5rt.a(vex_brain.cpp.obj)
                0x038099d0                vex::brain::lcd::clearScreen(vex::color const&)
 .text._ZN3vex5brain3lcd11clearScreenEv
                0x038099f0       0x2c C:\Program Files (x86)\VEX Robotics\VEXcode Pro V5\sdk/vexv5\libv5rt.a(vex_brain.cpp.obj)
                0x038099f0                vex::brain::lcd::clearScreen()
 .text._ZN3vex5brain3lcd13drawRectangleEiiii
                0x03809a1c       0xdc C:\Program Files (x86)\VEX Robotics\VEXcode Pro V5\sdk/vexv5\libv5rt.a(vex_brain.cpp.obj)
                0x03809a1c                vex::brain::lcd::drawRectangle(int, int, int, int)
 .text._ZN3vex5brain3lcd9xPositionEv
                0x03809af8       0x24 C:\Program Files (x86)\VEX Robotics\VEXcode Pro V5\sdk/vexv5\libv5rt.a(vex_brain.cpp.obj)
                0x03809af8                vex::brain::lcd::xPosition()
 .text._ZN3vex5brain3lcd9yPositionEv
                0x03809b1c       0x24 C:\Program Files (x86)\VEX Robotics\VEXcode Pro V5\sdk/vexv5\libv5rt.a(vex_brain.cpp.obj)
                0x03809b1c                vex::brain::lcd::yPosition()
 .text._ZN3vex5brain3lcd8pressingEv
                0x03809b40       0x20 C:\Program Files (x86)\VEX Robotics\VEXcode Pro V5\sdk/vexv5\libv5rt.a(vex_brain.cpp.obj)
                0x03809b40                vex::brain::lcd::pressing()
 .text._ZN3vex5brain3lcd10rowToPixelEl
                0x03809b60       0x34 C:\Program Files (x86)\VEX Robotics\VEXcode Pro V5\sdk/vexv5\libv5rt.a(vex_brain.cpp.obj)
                0x03809b60                vex::brain::lcd::rowToPixel(long)
 .text._ZN3vex5brain3lcd10colToPixelEl
                0x03809b94       0x1c C:\Program Files (x86)\VEX Robotics\VEXcode Pro V5\sdk/vexv5\libv5rt.a(vex_brain.cpp.obj)
                0x03809b94                vex::brain::lcd::colToPixel(long)
 .text._ZN3vex5brain3lcd5printEPKcz
                0x03809bb0       0xa0 C:\Program Files (x86)\VEX Robotics\VEXcode Pro V5\sdk/vexv5\libv5rt.a(vex_brain.cpp.obj)
                0x03809bb0                vex::brain::lcd::print(char const*, ...)
 .text._ZN3vex5brain7battery8capacityENS_12percentUnitsE
                0x03809c50       0x18 C:\Program Files (x86)\VEX Robotics\VEXcode Pro V5\sdk/vexv5\libv5rt.a(vex_brain.cpp.obj)
                0x03809c50                vex::brain::battery::capacity(vex::percentUnits)
 .text._ZN3vex5brainD2Ev
                0x03809c68       0x20 C:\Program Files (x86)\VEX Robotics\VEXcode Pro V5\sdk/vexv5\libv5rt.a(vex_brain.cpp.obj)
                0x03809c68                vex::brain::~brain()
                0x03809c68                vex::brain::~brain()
 .text._ZN3vex11competition11_autonomousEv
                0x03809c88       0x90 C:\Program Files (x86)\VEX Robotics\VEXcode Pro V5\sdk/vexv5\libv5rt.a(vex_competition.cpp.obj)
                0x03809c88                vex::competition::_autonomous()
 .text._ZN3vex11competition14_drivercontrolEv
                0x03809d18       0x90 C:\Program Files (x86)\VEX Robotics\VEXcode Pro V5\sdk/vexv5\libv5rt.a(vex_competition.cpp.obj)
                0x03809d18                vex::competition::_drivercontrol()
 .text._ZN3vex11competition8_disableEPv
                0x03809da8       0xc8 C:\Program Files (x86)\VEX Robotics\VEXcode Pro V5\sdk/vexv5\libv5rt.a(vex_competition.cpp.obj)
                0x03809da8                vex::competition::_disable(void*)
 .text._ZN3vex11competitionC2Ev
                0x03809e70      0x13c C:\Program Files (x86)\VEX Robotics\VEXcode Pro V5\sdk/vexv5\libv5rt.a(vex_competition.cpp.obj)
                0x03809e70                vex::competition::competition()
                0x03809e70                vex::competition::competition()
 .text._ZN3vex11competitionD2Ev
                0x03809fac        0x4 C:\Program Files (x86)\VEX Robotics\VEXcode Pro V5\sdk/vexv5\libv5rt.a(vex_competition.cpp.obj)
                0x03809fac                vex::competition::~competition()
                0x03809fac                vex::competition::~competition()
 .text._ZN3vex11competition10autonomousEPFvvE
                0x03809fb0       0x44 C:\Program Files (x86)\VEX Robotics\VEXcode Pro V5\sdk/vexv5\libv5rt.a(vex_competition.cpp.obj)
                0x03809fb0                vex::competition::autonomous(void (*)())
 .text._ZN3vex11competition13drivercontrolEPFvvE
                0x03809ff4       0x44 C:\Program Files (x86)\VEX Robotics\VEXcode Pro V5\sdk/vexv5\libv5rt.a(vex_competition.cpp.obj)
                0x03809ff4                vex::competition::drivercontrol(void (*)())
 .text._ZN3vex11competition9isEnabledEv
                0x0380a038       0x14 C:\Program Files (x86)\VEX Robotics\VEXcode Pro V5\sdk/vexv5\libv5rt.a(vex_competition.cpp.obj)
                0x0380a038                vex::competition::isEnabled()
 .text._ZN3vex7triportD2Ev
                0x0380a04c       0x38 C:\Program Files (x86)\VEX Robotics\VEXcode Pro V5\sdk/vexv5\libv5rt.a(vex_triport.cpp.obj)
                0x0380a04c                vex::triport::~triport()
                0x0380a04c                vex::triport::~triport()
 .text._ZN3vex7triportD0Ev
                0x0380a084       0x1c C:\Program Files (x86)\VEX Robotics\VEXcode Pro V5\sdk/vexv5\libv5rt.a(vex_triport.cpp.obj)
                0x0380a084                vex::triport::~triport()
 .text._ZN3vex7triport9installedEv
                0x0380a0a0       0x18 C:\Program Files (x86)\VEX Robotics\VEXcode Pro V5\sdk/vexv5\libv5rt.a(vex_triport.cpp.obj)
                0x0380a0a0                vex::triport::installed()
 .text._ZN3vex7triport4portC2ElPS0_
                0x0380a0b8       0x74 C:\Program Files (x86)\VEX Robotics\VEXcode Pro V5\sdk/vexv5\libv5rt.a(vex_triport.cpp.obj)
                0x0380a0b8                vex::triport::port::port(long, vex::triport*)
                0x0380a0b8                vex::triport::port::port(long, vex::triport*)
 .text._ZN3vex7triportC2El
                0x0380a12c       0xf0 C:\Program Files (x86)\VEX Robotics\VEXcode Pro V5\sdk/vexv5\libv5rt.a(vex_triport.cpp.obj)
                0x0380a12c                vex::triport::triport(long)
                0x0380a12c                vex::triport::triport(long)
 .text._ZN3vex7triport4port4typeENS_11triportTypeE
                0x0380a21c       0x30 C:\Program Files (x86)\VEX Robotics\VEXcode Pro V5\sdk/vexv5\libv5rt.a(vex_triport.cpp.obj)
                0x0380a21c                vex::triport::port::type(vex::triportType)
 .text._ZN3vex7triport4port4typeEv
                0x0380a24c       0x38 C:\Program Files (x86)\VEX Robotics\VEXcode Pro V5\sdk/vexv5\libv5rt.a(vex_triport.cpp.obj)
                0x0380a24c                vex::triport::port::type()
 .text._ZN3vex7triport4port5valueEv
                0x0380a284       0x14 C:\Program Files (x86)\VEX Robotics\VEXcode Pro V5\sdk/vexv5\libv5rt.a(vex_triport.cpp.obj)
                0x0380a284                vex::triport::port::value()
 .text._ZN3vex7triport4port5valueEl
                0x0380a298       0x18 C:\Program Files (x86)\VEX Robotics\VEXcode Pro V5\sdk/vexv5\libv5rt.a(vex_triport.cpp.obj)
                0x0380a298                vex::triport::port::value(long)
 .text._ZN3vex7triport4port11setRotationEdNS_13rotationUnitsE
                0x0380a2b0       0x50 C:\Program Files (x86)\VEX Robotics\VEXcode Pro V5\sdk/vexv5\libv5rt.a(vex_triport.cpp.obj)
                0x0380a2b0                vex::triport::port::setRotation(double, vex::rotationUnits)
 .text._ZN3vex7triport4port13resetRotationEv
                0x0380a300       0x20 C:\Program Files (x86)\VEX Robotics\VEXcode Pro V5\sdk/vexv5\libv5rt.a(vex_triport.cpp.obj)
                0x0380a300                vex::triport::port::resetRotation()
 .text._ZN3vex7triport4port8rotationENS_13rotationUnitsE
                0x0380a320       0x40 C:\Program Files (x86)\VEX Robotics\VEXcode Pro V5\sdk/vexv5\libv5rt.a(vex_triport.cpp.obj)
                0x0380a320                vex::triport::port::rotation(vex::rotationUnits)
 .text._ZN3vex11__trideviceC2ERNS_7triport4portENS_11triportTypeE
                0x0380a360       0x5c C:\Program Files (x86)\VEX Robotics\VEXcode Pro V5\sdk/vexv5\libv5rt.a(vex_triport.cpp.obj)
                0x0380a360                vex::__tridevice::__tridevice(vex::triport::port&, vex::triportType)
                0x0380a360                vex::__tridevice::__tridevice(vex::triport::port&, vex::triportType)
 .text._ZN3vex5limitC2ERNS_7triport4portE
                0x0380a3bc       0x28 C:\Program Files (x86)\VEX Robotics\VEXcode Pro V5\sdk/vexv5\libv5rt.a(vex_triport.cpp.obj)
                0x0380a3bc                vex::limit::limit(vex::triport::port&)
                0x0380a3bc                vex::limit::limit(vex::triport::port&)
 .text._ZN3vex5limitD2Ev
                0x0380a3e4        0x4 C:\Program Files (x86)\VEX Robotics\VEXcode Pro V5\sdk/vexv5\libv5rt.a(vex_triport.cpp.obj)
                0x0380a3e4                vex::limit::~limit()
                0x0380a3e4                vex::limit::~limit()
 .text._ZN3vex5limit5valueEv
                0x0380a3e8        0x8 C:\Program Files (x86)\VEX Robotics\VEXcode Pro V5\sdk/vexv5\libv5rt.a(vex_triport.cpp.obj)
                0x0380a3e8                vex::limit::value()
 .text._ZN3vex11digital_outC2ERNS_7triport4portE
                0x0380a3f0       0x18 C:\Program Files (x86)\VEX Robotics\VEXcode Pro V5\sdk/vexv5\libv5rt.a(vex_triport.cpp.obj)
                0x0380a3f0                vex::digital_out::digital_out(vex::triport::port&)
                0x0380a3f0                vex::digital_out::digital_out(vex::triport::port&)
 .text._ZN3vex11digital_out5valueEv
                0x0380a408        0x8 C:\Program Files (x86)\VEX Robotics\VEXcode Pro V5\sdk/vexv5\libv5rt.a(vex_triport.cpp.obj)
                0x0380a408                vex::digital_out::value()
 .text._ZN3vex11digital_out3setEb
                0x0380a410        0x8 C:\Program Files (x86)\VEX Robotics\VEXcode Pro V5\sdk/vexv5\libv5rt.a(vex_triport.cpp.obj)
                0x0380a410                vex::digital_out::set(bool)
 .text._ZN3vex3ledC2ERNS_7triport4portE
                0x0380a418       0x14 C:\Program Files (x86)\VEX Robotics\VEXcode Pro V5\sdk/vexv5\libv5rt.a(vex_triport.cpp.obj)
                0x0380a418                vex::led::led(vex::triport::port&)
                0x0380a418                vex::led::led(vex::triport::port&)
 .text._ZN3vex3ledD2Ev
                0x0380a42c        0x4 C:\Program Files (x86)\VEX Robotics\VEXcode Pro V5\sdk/vexv5\libv5rt.a(vex_triport.cpp.obj)
                0x0380a42c                vex::led::~led()
                0x0380a42c                vex::led::~led()
 .text._ZN3vex3led2onEv
                0x0380a430        0x8 C:\Program Files (x86)\VEX Robotics\VEXcode Pro V5\sdk/vexv5\libv5rt.a(vex_triport.cpp.obj)
                0x0380a430                vex::led::on()
 .text._ZN3vex10pneumaticsC2ERNS_7triport4portE
                0x0380a438       0x14 C:\Program Files (x86)\VEX Robotics\VEXcode Pro V5\sdk/vexv5\libv5rt.a(vex_triport.cpp.obj)
                0x0380a438                vex::pneumatics::pneumatics(vex::triport::port&)
                0x0380a438                vex::pneumatics::pneumatics(vex::triport::port&)
 .text._ZN3vex10pneumaticsD2Ev
                0x0380a44c        0x4 C:\Program Files (x86)\VEX Robotics\VEXcode Pro V5\sdk/vexv5\libv5rt.a(vex_triport.cpp.obj)
                0x0380a44c                vex::pneumatics::~pneumatics()
                0x0380a44c                vex::pneumatics::~pneumatics()
 .text._ZN3vex10pneumatics4openEv
                0x0380a450        0x8 C:\Program Files (x86)\VEX Robotics\VEXcode Pro V5\sdk/vexv5\libv5rt.a(vex_triport.cpp.obj)
                0x0380a450                vex::pneumatics::open()
 .text._ZN3vex10pneumatics5closeEv
                0x0380a458        0x8 C:\Program Files (x86)\VEX Robotics\VEXcode Pro V5\sdk/vexv5\libv5rt.a(vex_triport.cpp.obj)
                0x0380a458                vex::pneumatics::close()
 .text._ZN3vex7encoderC2ERNS_7triport4portE
                0x0380a460       0x20 C:\Program Files (x86)\VEX Robotics\VEXcode Pro V5\sdk/vexv5\libv5rt.a(vex_triport.cpp.obj)
                0x0380a460                vex::encoder::encoder(vex::triport::port&)
                0x0380a460                vex::encoder::encoder(vex::triport::port&)
 .text._ZN3vex7encoderD2Ev
                0x0380a480        0x4 C:\Program Files (x86)\VEX Robotics\VEXcode Pro V5\sdk/vexv5\libv5rt.a(vex_triport.cpp.obj)
                0x0380a480                vex::encoder::~encoder()
                0x0380a480                vex::encoder::~encoder()
 .text._ZN3vex7encoder5valueEv
                0x0380a484        0x8 C:\Program Files (x86)\VEX Robotics\VEXcode Pro V5\sdk/vexv5\libv5rt.a(vex_triport.cpp.obj)
                0x0380a484                vex::encoder::value()
 .text._ZN3vex7encoder13resetRotationEv
                0x0380a48c        0x8 C:\Program Files (x86)\VEX Robotics\VEXcode Pro V5\sdk/vexv5\libv5rt.a(vex_triport.cpp.obj)
                0x0380a48c                vex::encoder::resetRotation()
 .text._ZN3vex7encoder11setRotationEdNS_13rotationUnitsE
                0x0380a494        0x8 C:\Program Files (x86)\VEX Robotics\VEXcode Pro V5\sdk/vexv5\libv5rt.a(vex_triport.cpp.obj)
                0x0380a494                vex::encoder::setRotation(double, vex::rotationUnits)
 .text._ZN3vex7encoder8positionENS_13rotationUnitsE
                0x0380a49c        0x8 C:\Program Files (x86)\VEX Robotics\VEXcode Pro V5\sdk/vexv5\libv5rt.a(vex_triport.cpp.obj)
                0x0380a49c                vex::encoder::position(vex::rotationUnits)
 .text.startup._GLOBAL__sub_I__ZN3vex7triportC2El
                0x0380a4a4       0x30 C:\Program Files (x86)\VEX Robotics\VEXcode Pro V5\sdk/vexv5\libv5rt.a(vex_triport.cpp.obj)
 .text._ZN3vex5colorD2Ev
                0x0380a4d4        0x4 C:\Program Files (x86)\VEX Robotics\VEXcode Pro V5\sdk/vexv5\libv5rt.a(vex_color.cpp.obj)
                0x0380a4d4                vex::color::~color()
                0x0380a4d4                vex::color::~color()
 .text._ZNK3vex5colorcvmEv
                0x0380a4d8        0x8 C:\Program Files (x86)\VEX Robotics\VEXcode Pro V5\sdk/vexv5\libv5rt.a(vex_color.cpp.obj)
                0x0380a4d8                vex::color::operator unsigned long() const
 .text._ZNK3vex5color13isTransparentEv
                0x0380a4e0        0x8 C:\Program Files (x86)\VEX Robotics\VEXcode Pro V5\sdk/vexv5\libv5rt.a(vex_color.cpp.obj)
                0x0380a4e0                vex::color::isTransparent() const
 .text.startup._GLOBAL__sub_I__ZN3vex5color5blackE
                0x0380a4e8      0x164 C:\Program Files (x86)\VEX Robotics\VEXcode Pro V5\sdk/vexv5\libv5rt.a(vex_color.cpp.obj)
 .text._ZN3vex5timerD2Ev
                0x0380a64c        0x4 C:\Program Files (x86)\VEX Robotics\VEXcode Pro V5\sdk/vexv5\libv5rt.a(vex_timer.cpp.obj)
                0x0380a64c                vex::timer::~timer()
                0x0380a64c                vex::timer::~timer()
 .text._ZN3vex5timer5clearEv
                0x0380a650       0x1c C:\Program Files (x86)\VEX Robotics\VEXcode Pro V5\sdk/vexv5\libv5rt.a(vex_timer.cpp.obj)
                0x0380a650                vex::timer::clear()
 .text._ZN3vex5timerC2Ev
                0x0380a66c       0x14 C:\Program Files (x86)\VEX Robotics\VEXcode Pro V5\sdk/vexv5\libv5rt.a(vex_timer.cpp.obj)
                0x0380a66c                vex::timer::timer()
                0x0380a66c                vex::timer::timer()
 .text._ZN3vex11motor_group18motor_group_motorsC2Ev
                0x0380a680       0x28 C:\Program Files (x86)\VEX Robotics\VEXcode Pro V5\sdk/vexv5\libv5rt.a(vex_motorgroup.cpp.obj)
                0x0380a680                vex::motor_group::motor_group_motors::motor_group_motors()
                0x0380a680                vex::motor_group::motor_group_motors::motor_group_motors()
 .text._ZN3vex11motor_groupC2Ev
                0x0380a6a8       0x1c C:\Program Files (x86)\VEX Robotics\VEXcode Pro V5\sdk/vexv5\libv5rt.a(vex_motorgroup.cpp.obj)
                0x0380a6a8                vex::motor_group::motor_group()
                0x0380a6a8                vex::motor_group::motor_group()
 .text._ZN3vex11motor_groupD2Ev
                0x0380a6c4        0x4 C:\Program Files (x86)\VEX Robotics\VEXcode Pro V5\sdk/vexv5\libv5rt.a(vex_motorgroup.cpp.obj)
                0x0380a6c4                vex::motor_group::~motor_group()
                0x0380a6c4                vex::motor_group::~motor_group()
 .text._ZN3vex11motor_group9_addMotorERNS_5motorE
                0x0380a6c8       0x20 C:\Program Files (x86)\VEX Robotics\VEXcode Pro V5\sdk/vexv5\libv5rt.a(vex_motorgroup.cpp.obj)
                0x0380a6c8                vex::motor_group::_addMotor(vex::motor&)
 .text._ZN3vex11motor_group4spinENS_13directionTypeEdNS_13velocityUnitsE
                0x0380a6e8       0x54 C:\Program Files (x86)\VEX Robotics\VEXcode Pro V5\sdk/vexv5\libv5rt.a(vex_motorgroup.cpp.obj)
                0x0380a6e8                vex::motor_group::spin(vex::directionType, double, vex::velocityUnits)
 .text._ZN3vex11motor_group10isSpinningEv
                0x0380a73c       0x40 C:\Program Files (x86)\VEX Robotics\VEXcode Pro V5\sdk/vexv5\libv5rt.a(vex_motorgroup.cpp.obj)
                0x0380a73c                vex::motor_group::isSpinning()
 .text._ZN3vex11motor_group6isDoneEv
                0x0380a77c       0x14 C:\Program Files (x86)\VEX Robotics\VEXcode Pro V5\sdk/vexv5\libv5rt.a(vex_motorgroup.cpp.obj)
                0x0380a77c                vex::motor_group::isDone()
 .text._ZN3vex11motor_group4stopEv
                0x0380a790       0x30 C:\Program Files (x86)\VEX Robotics\VEXcode Pro V5\sdk/vexv5\libv5rt.a(vex_motorgroup.cpp.obj)
                0x0380a790                vex::motor_group::stop()
 .text._ZN3vex11motor_group4stopENS_9brakeTypeE
                0x0380a7c0       0x38 C:\Program Files (x86)\VEX Robotics\VEXcode Pro V5\sdk/vexv5\libv5rt.a(vex_motorgroup.cpp.obj)
                0x0380a7c0                vex::motor_group::stop(vex::brakeType)
 .text._ZN3vex11motor_group8velocityENS_13velocityUnitsE
                0x0380a7f8        0xc C:\Program Files (x86)\VEX Robotics\VEXcode Pro V5\sdk/vexv5\libv5rt.a(vex_motorgroup.cpp.obj)
                0x0380a7f8                vex::motor_group::velocity(vex::velocityUnits)
 .text._ZN3vex11motor_group20waitForCompletionAllEv
                0x0380a804       0x60 C:\Program Files (x86)\VEX Robotics\VEXcode Pro V5\sdk/vexv5\libv5rt.a(vex_motorgroup.cpp.obj)
                0x0380a804                vex::motor_group::waitForCompletionAll()
 .text._ZN3vex11motor_group9rotateForEdNS_13rotationUnitsEdNS_13velocityUnitsEb
                0x0380a864       0x98 C:\Program Files (x86)\VEX Robotics\VEXcode Pro V5\sdk/vexv5\libv5rt.a(vex_motorgroup.cpp.obj)
                0x0380a864                vex::motor_group::rotateFor(double, vex::rotationUnits, double, vex::velocityUnits, bool)
 .text._ZN3vex11motor_group9rotateForENS_13directionTypeEdNS_13rotationUnitsEdNS_13velocityUnitsEb
                0x0380a8fc       0xa8 C:\Program Files (x86)\VEX Robotics\VEXcode Pro V5\sdk/vexv5\libv5rt.a(vex_motorgroup.cpp.obj)
                0x0380a8fc                vex::motor_group::rotateFor(vex::directionType, double, vex::rotationUnits, double, vex::velocityUnits, bool)
 .text.vexAdiPortConfigSet
                0x0380a9a4       0x28 C:\Program Files (x86)\VEX Robotics\VEXcode Pro V5\sdk/vexv5\libv5rt.a(v5_apiuser.c.obj)
                0x0380a9a4                vexAdiPortConfigSet
 .text.vexAdiPortConfigGet
                0x0380a9cc       0x28 C:\Program Files (x86)\VEX Robotics\VEXcode Pro V5\sdk/vexv5\libv5rt.a(v5_apiuser.c.obj)
                0x0380a9cc                vexAdiPortConfigGet
 .text.vexAdiValueSet
                0x0380a9f4       0x28 C:\Program Files (x86)\VEX Robotics\VEXcode Pro V5\sdk/vexv5\libv5rt.a(v5_apiuser.c.obj)
                0x0380a9f4                vexAdiValueSet
 .text.vexAdiValueGet
                0x0380aa1c       0x20 C:\Program Files (x86)\VEX Robotics\VEXcode Pro V5\sdk/vexv5\libv5rt.a(v5_apiuser.c.obj)
                0x0380aa1c                vexAdiValueGet
 .text.vexMotorVelocitySet
                0x0380aa3c       0x20 C:\Program Files (x86)\VEX Robotics\VEXcode Pro V5\sdk/vexv5\libv5rt.a(v5_apiuser.c.obj)
                0x0380aa3c                vexMotorVelocitySet
 .text.vexMotorActualVelocityGet
                0x0380aa5c       0x24 C:\Program Files (x86)\VEX Robotics\VEXcode Pro V5\sdk/vexv5\libv5rt.a(v5_apiuser.c.obj)
                0x0380aa5c                vexMotorActualVelocityGet
 .text.vexMotorZeroPositionFlagGet
                0x0380aa80       0x18 C:\Program Files (x86)\VEX Robotics\VEXcode Pro V5\sdk/vexv5\libv5rt.a(v5_apiuser.c.obj)
                0x0380aa80                vexMotorZeroPositionFlagGet
 .text.vexMotorReverseFlagSet
                0x0380aa98       0x20 C:\Program Files (x86)\VEX Robotics\VEXcode Pro V5\sdk/vexv5\libv5rt.a(v5_apiuser.c.obj)
                0x0380aa98                vexMotorReverseFlagSet
 .text.vexMotorEncoderUnitsSet
                0x0380aab8       0x20 C:\Program Files (x86)\VEX Robotics\VEXcode Pro V5\sdk/vexv5\libv5rt.a(v5_apiuser.c.obj)
                0x0380aab8                vexMotorEncoderUnitsSet
 .text.vexMotorBrakeModeSet
                0x0380aad8       0x20 C:\Program Files (x86)\VEX Robotics\VEXcode Pro V5\sdk/vexv5\libv5rt.a(v5_apiuser.c.obj)
                0x0380aad8                vexMotorBrakeModeSet
 .text.vexMotorPositionSet
                0x0380aaf8       0x28 C:\Program Files (x86)\VEX Robotics\VEXcode Pro V5\sdk/vexv5\libv5rt.a(v5_apiuser.c.obj)
                0x0380aaf8                vexMotorPositionSet
 .text.vexMotorRelativeTargetSet
                0x0380ab20       0x30 C:\Program Files (x86)\VEX Robotics\VEXcode Pro V5\sdk/vexv5\libv5rt.a(v5_apiuser.c.obj)
                0x0380ab20                vexMotorRelativeTargetSet
 .text.vexMotorGearingSet
                0x0380ab50       0x20 C:\Program Files (x86)\VEX Robotics\VEXcode Pro V5\sdk/vexv5\libv5rt.a(v5_apiuser.c.obj)
                0x0380ab50                vexMotorGearingSet
 .text.vexMotorGearingGet
                0x0380ab70       0x18 C:\Program Files (x86)\VEX Robotics\VEXcode Pro V5\sdk/vexv5\libv5rt.a(v5_apiuser.c.obj)
                0x0380ab70                vexMotorGearingGet
 .text.vexImuReset
                0x0380ab88       0x10 C:\Program Files (x86)\VEX Robotics\VEXcode Pro V5\sdk/vexv5\libv5rt.a(v5_apiuser.c.obj)
                0x0380ab88                vexImuReset
 .text.vexImuHeadingGet
                0x0380ab98       0x10 C:\Program Files (x86)\VEX Robotics\VEXcode Pro V5\sdk/vexv5\libv5rt.a(v5_apiuser.c.obj)
                0x0380ab98                vexImuHeadingGet
 .text.vexImuDegreesGet
                0x0380aba8       0x10 C:\Program Files (x86)\VEX Robotics\VEXcode Pro V5\sdk/vexv5\libv5rt.a(v5_apiuser.c.obj)
                0x0380aba8                vexImuDegreesGet
 .text.vexImuStatusGet
                0x0380abb8       0x10 C:\Program Files (x86)\VEX Robotics\VEXcode Pro V5\sdk/vexv5\libv5rt.a(v5_apiuser.c.obj)
                0x0380abb8                vexImuStatusGet
 .text.vexOpticalHueGet
                0x0380abc8       0x10 C:\Program Files (x86)\VEX Robotics\VEXcode Pro V5\sdk/vexv5\libv5rt.a(v5_apiuser.c.obj)
                0x0380abc8                vexOpticalHueGet
 .text.vexOpticalLedPwmSet
                0x0380abd8       0x18 C:\Program Files (x86)\VEX Robotics\VEXcode Pro V5\sdk/vexv5\libv5rt.a(v5_apiuser.c.obj)
                0x0380abd8                vexOpticalLedPwmSet
 .text.vexOpticalGestureEnable
                0x0380abf0       0x10 C:\Program Files (x86)\VEX Robotics\VEXcode Pro V5\sdk/vexv5\libv5rt.a(v5_apiuser.c.obj)
                0x0380abf0                vexOpticalGestureEnable
 .text.vexOpticalGestureDisable
                0x0380ac00       0x10 C:\Program Files (x86)\VEX Robotics\VEXcode Pro V5\sdk/vexv5\libv5rt.a(v5_apiuser.c.obj)
                0x0380ac00                vexOpticalGestureDisable
 .text.vexOpticalProximityThreshold
                0x0380ac10       0x18 C:\Program Files (x86)\VEX Robotics\VEXcode Pro V5\sdk/vexv5\libv5rt.a(v5_apiuser.c.obj)
                0x0380ac10                vexOpticalProximityThreshold
 .text.vexEventMaskSet
                0x0380ac28       0x28 C:\Program Files (x86)\VEX Robotics\VEXcode Pro V5\sdk/vexv5\libv5rt.a(v5_apiuser.c.obj)
                0x0380ac28                vexEventMaskSet
 .text.vexEventMaskGet
                0x0380ac50       0x18 C:\Program Files (x86)\VEX Robotics\VEXcode Pro V5\sdk/vexv5\libv5rt.a(v5_apiuser.c.obj)
                0x0380ac50                vexEventMaskGet
 .text._ZN3vex6deviceD2Ev
                0x0380ac68        0x4 C:\Program Files (x86)\VEX Robotics\VEXcode Pro V5\sdk/vexv5\libv5rt.a(vex_device.cpp.obj)
                0x0380ac68                vex::device::~device()
                0x0380ac68                vex::device::~device()
 .text._ZN3vex6device5valueEv
                0x0380ac6c        0x8 C:\Program Files (x86)\VEX Robotics\VEXcode Pro V5\sdk/vexv5\libv5rt.a(vex_device.cpp.obj)
                0x0380ac6c                vex::device::value()
 .text._ZN3vex6deviceD0Ev
                0x0380ac74       0x14 C:\Program Files (x86)\VEX Robotics\VEXcode Pro V5\sdk/vexv5\libv5rt.a(vex_device.cpp.obj)
                0x0380ac74                vex::device::~device()
 .text._ZN3vex6device4initEl
                0x0380ac88       0x30 C:\Program Files (x86)\VEX Robotics\VEXcode Pro V5\sdk/vexv5\libv5rt.a(vex_device.cpp.obj)
                0x0380ac88                vex::device::init(long)
 .text._ZN3vex6deviceC2El
                0x0380acb8       0x20 C:\Program Files (x86)\VEX Robotics\VEXcode Pro V5\sdk/vexv5\libv5rt.a(vex_device.cpp.obj)
                0x0380acb8                vex::device::device(long)
                0x0380acb8                vex::device::device(long)
 .text._ZN3vex6device4typeEv
                0x0380acd8       0x10 C:\Program Files (x86)\VEX Robotics\VEXcode Pro V5\sdk/vexv5\libv5rt.a(vex_device.cpp.obj)
                0x0380acd8                vex::device::type()
 .text._ZN3vex6device9installedEv
                0x0380ace8       0x14 C:\Program Files (x86)\VEX Robotics\VEXcode Pro V5\sdk/vexv5\libv5rt.a(vex_device.cpp.obj)
                0x0380ace8                vex::device::installed()
 .text.__libc_fini_array
                0x0380acfc       0x30 C:\Program Files (x86)\VEX Robotics\VEXcode Pro V5\sdk/vexv5/gcc/libs\libc.a(lib_a-fini.o)
                0x0380acfc                __libc_fini_array
 .text.__libc_init_array
                0x0380ad2c       0x58 C:\Program Files (x86)\VEX Robotics\VEXcode Pro V5\sdk/vexv5/gcc/libs\libc.a(lib_a-init.o)
                0x0380ad2c                __libc_init_array
 *fill*         0x0380ad84        0x4 
 .text.__libc_init_array.__stub
                0x0380ad88       0x18 linker stubs
 *(.gnu.linkonce.t.*)
 *(.plt)
 *(.gnu_warning)
 *(.gcc_except_table)
 *(.glue_7)
 .glue_7        0x00000000        0x0 linker stubs
 *(.glue_7t)
 .glue_7t       0x00000000        0x0 linker stubs
 *(.vfp11_veneer)
 .vfp11_veneer  0x00000000        0x0 linker stubs
 *(.ARM.extab)
 *(.gnu.linkonce.armextab.*)

.v4_bx          0x0380ada0        0x0
 .v4_bx         0x00000000        0x0 linker stubs

.iplt           0x0380ada0        0x0
 .iplt          0x00000000        0x0 build/src/functions.o

.init
 *(.init)

.fini
 *(.fini)

.rodata         0x0380ada0      0x48c
                0x0380ada0                __rodata_start = .
 *(.rodata)
 *(.rodata.*)
 .rodata.str1.1
                0x0380ada0        0xb build/src/functions.o
 .rodata.str1.1
                0x0380adab      0x110 build/src/main.o
 .rodata.str1.1
                0x0380aebb      0x141 build/src/gui.o
                                0x170 (size before relaxing)
 .rodata.str1.1
                0x0380affc       0x1b build/src/pid.o
 .rodata.str1.1
                0x0380b017       0x2e C:\Program Files (x86)\VEX Robotics\VEXcode Pro V5\sdk/vexv5\libv5rt.a(v5_startup.c.obj)
 *fill*         0x0380b045        0x3 
 .rodata._ZN3vex6PORT20E
                0x0380b048        0x4 C:\Program Files (x86)\VEX Robotics\VEXcode Pro V5\sdk/vexv5\libv5rt.a(vex_global.cpp.obj)
                0x0380b048                vex::PORT20
 .rodata._ZN3vex6purpleE
                0x0380b04c        0x4 C:\Program Files (x86)\VEX Robotics\VEXcode Pro V5\sdk/vexv5\libv5rt.a(vex_global.cpp.obj)
                0x0380b04c                vex::purple
 .rodata._ZN3vex6yellowE
                0x0380b050        0x4 C:\Program Files (x86)\VEX Robotics\VEXcode Pro V5\sdk/vexv5\libv5rt.a(vex_global.cpp.obj)
                0x0380b050                vex::yellow
 .rodata._ZN3vex3revE
                0x0380b054        0x4 C:\Program Files (x86)\VEX Robotics\VEXcode Pro V5\sdk/vexv5\libv5rt.a(vex_global.cpp.obj)
                0x0380b054                vex::rev
 .rodata._ZN3vex3fwdE
                0x0380b058        0x4 C:\Program Files (x86)\VEX Robotics\VEXcode Pro V5\sdk/vexv5\libv5rt.a(vex_global.cpp.obj)
                0x0380b058                vex::fwd
 .rodata._ZN3vex5PORT1E
                0x0380b05c        0x4 C:\Program Files (x86)\VEX Robotics\VEXcode Pro V5\sdk/vexv5\libv5rt.a(vex_global.cpp.obj)
                0x0380b05c                vex::PORT1
 .rodata._ZN3vex7reverseE
                0x0380b060        0x4 C:\Program Files (x86)\VEX Robotics\VEXcode Pro V5\sdk/vexv5\libv5rt.a(vex_global.cpp.obj)
                0x0380b060                vex::reverse
 .rodata._ZN3vex6PORT10E
                0x0380b064        0x4 C:\Program Files (x86)\VEX Robotics\VEXcode Pro V5\sdk/vexv5\libv5rt.a(vex_global.cpp.obj)
                0x0380b064                vex::PORT10
 .rodata._ZN3vex11transparentE
                0x0380b068        0x4 C:\Program Files (x86)\VEX Robotics\VEXcode Pro V5\sdk/vexv5\libv5rt.a(vex_global.cpp.obj)
                0x0380b068                vex::transparent
 .rodata._ZN3vex7forwardE
                0x0380b06c        0x4 C:\Program Files (x86)\VEX Robotics\VEXcode Pro V5\sdk/vexv5\libv5rt.a(vex_global.cpp.obj)
                0x0380b06c                vex::forward
 .rodata._ZN3vex6PORT14E
                0x0380b070        0x4 C:\Program Files (x86)\VEX Robotics\VEXcode Pro V5\sdk/vexv5\libv5rt.a(vex_global.cpp.obj)
                0x0380b070                vex::PORT14
 .rodata._ZN3vex5whiteE
                0x0380b074        0x4 C:\Program Files (x86)\VEX Robotics\VEXcode Pro V5\sdk/vexv5\libv5rt.a(vex_global.cpp.obj)
                0x0380b074                vex::white
 .rodata._ZN3vex3pctE
                0x0380b078        0x4 C:\Program Files (x86)\VEX Robotics\VEXcode Pro V5\sdk/vexv5\libv5rt.a(vex_global.cpp.obj)
                0x0380b078                vex::pct
 .rodata._ZN3vex3secE
                0x0380b07c        0x4 C:\Program Files (x86)\VEX Robotics\VEXcode Pro V5\sdk/vexv5\libv5rt.a(vex_global.cpp.obj)
                0x0380b07c                vex::sec
 .rodata._ZN3vex3redE
                0x0380b080        0x4 C:\Program Files (x86)\VEX Robotics\VEXcode Pro V5\sdk/vexv5\libv5rt.a(vex_global.cpp.obj)
                0x0380b080                vex::red
 .rodata._ZN3vex5blackE
                0x0380b084        0x4 C:\Program Files (x86)\VEX Robotics\VEXcode Pro V5\sdk/vexv5\libv5rt.a(vex_global.cpp.obj)
                0x0380b084                vex::black
 .rodata._ZN3vex4msecE
                0x0380b088        0x4 C:\Program Files (x86)\VEX Robotics\VEXcode Pro V5\sdk/vexv5\libv5rt.a(vex_global.cpp.obj)
                0x0380b088                vex::msec
 .rodata._ZN3vex6PORT18E
                0x0380b08c        0x4 C:\Program Files (x86)\VEX Robotics\VEXcode Pro V5\sdk/vexv5\libv5rt.a(vex_global.cpp.obj)
                0x0380b08c                vex::PORT18
 .rodata._ZN3vex4blueE
                0x0380b090        0x4 C:\Program Files (x86)\VEX Robotics\VEXcode Pro V5\sdk/vexv5\libv5rt.a(vex_global.cpp.obj)
                0x0380b090                vex::blue
 .rodata._ZN3vex5PORT9E
                0x0380b094        0x4 C:\Program Files (x86)\VEX Robotics\VEXcode Pro V5\sdk/vexv5\libv5rt.a(vex_global.cpp.obj)
                0x0380b094                vex::PORT9
 .rodata._ZN3vex3rpmE
                0x0380b098        0x4 C:\Program Files (x86)\VEX Robotics\VEXcode Pro V5\sdk/vexv5\libv5rt.a(vex_global.cpp.obj)
                0x0380b098                vex::rpm
 .rodata._ZN3vex6PORT11E
                0x0380b09c        0x4 C:\Program Files (x86)\VEX Robotics\VEXcode Pro V5\sdk/vexv5\libv5rt.a(vex_global.cpp.obj)
                0x0380b09c                vex::PORT11
 .rodata._ZN3vex7primaryE
                0x0380b0a0        0x4 C:\Program Files (x86)\VEX Robotics\VEXcode Pro V5\sdk/vexv5\libv5rt.a(vex_global.cpp.obj)
                0x0380b0a0                vex::primary
 .rodata._ZN3vex3degE
                0x0380b0a4        0x4 C:\Program Files (x86)\VEX Robotics\VEXcode Pro V5\sdk/vexv5\libv5rt.a(vex_global.cpp.obj)
                0x0380b0a4                vex::deg
 .rodata._ZN3vex5greenE
                0x0380b0a8        0x4 C:\Program Files (x86)\VEX Robotics\VEXcode Pro V5\sdk/vexv5\libv5rt.a(vex_global.cpp.obj)
                0x0380b0a8                vex::green
 .rodata._ZN3vex6PORT15E
                0x0380b0ac        0x4 C:\Program Files (x86)\VEX Robotics\VEXcode Pro V5\sdk/vexv5\libv5rt.a(vex_global.cpp.obj)
                0x0380b0ac                vex::PORT15
 .rodata._ZN3vex7degreesE
                0x0380b0b0        0x4 C:\Program Files (x86)\VEX Robotics\VEXcode Pro V5\sdk/vexv5\libv5rt.a(vex_global.cpp.obj)
                0x0380b0b0                vex::degrees
 .rodata._ZN3vex6PORT22E
                0x0380b0b4        0x4 C:\Program Files (x86)\VEX Robotics\VEXcode Pro V5\sdk/vexv5\libv5rt.a(vex_global.cpp.obj)
                0x0380b0b4                vex::PORT22
 .rodata._ZN3vex4holdE
                0x0380b0b8        0x4 C:\Program Files (x86)\VEX Robotics\VEXcode Pro V5\sdk/vexv5\libv5rt.a(vex_global.cpp.obj)
                0x0380b0b8                vex::hold
 .rodata._ZN3vex6PORT12E
                0x0380b0bc        0x4 C:\Program Files (x86)\VEX Robotics\VEXcode Pro V5\sdk/vexv5\libv5rt.a(vex_global.cpp.obj)
                0x0380b0bc                vex::PORT12
 .rodata._ZN3vex5PORT7E
                0x0380b0c0        0x4 C:\Program Files (x86)\VEX Robotics\VEXcode Pro V5\sdk/vexv5\libv5rt.a(vex_global.cpp.obj)
                0x0380b0c0                vex::PORT7
 .rodata._ZN3vex6PORT16E
                0x0380b0c4        0x4 C:\Program Files (x86)\VEX Robotics\VEXcode Pro V5\sdk/vexv5\libv5rt.a(vex_global.cpp.obj)
                0x0380b0c4                vex::PORT16
 .rodata._ZN3vex8ratio6_1E
                0x0380b0c8        0x4 C:\Program Files (x86)\VEX Robotics\VEXcode Pro V5\sdk/vexv5\libv5rt.a(vex_global.cpp.obj)
                0x0380b0c8                vex::ratio6_1
 .rodata._ZN3vex5brakeE
                0x0380b0cc        0x4 C:\Program Files (x86)\VEX Robotics\VEXcode Pro V5\sdk/vexv5\libv5rt.a(vex_global.cpp.obj)
                0x0380b0cc                vex::brake
 .rodata._ZN3vex5coastE
                0x0380b0d0        0x4 C:\Program Files (x86)\VEX Robotics\VEXcode Pro V5\sdk/vexv5\libv5rt.a(vex_global.cpp.obj)
                0x0380b0d0                vex::coast
 .rodata._ZN3vex6PORT13E
                0x0380b0d4        0x4 C:\Program Files (x86)\VEX Robotics\VEXcode Pro V5\sdk/vexv5\libv5rt.a(vex_global.cpp.obj)
                0x0380b0d4                vex::PORT13
 .rodata._ZN3vex5PORT8E
                0x0380b0d8        0x4 C:\Program Files (x86)\VEX Robotics\VEXcode Pro V5\sdk/vexv5\libv5rt.a(vex_global.cpp.obj)
                0x0380b0d8                vex::PORT8
 .rodata._ZN3vex9ratio18_1E
                0x0380b0dc        0x4 C:\Program Files (x86)\VEX Robotics\VEXcode Pro V5\sdk/vexv5\libv5rt.a(vex_global.cpp.obj)
                0x0380b0dc                vex::ratio18_1
 .rodata._ZN3vex6PORT17E
                0x0380b0e0        0x4 C:\Program Files (x86)\VEX Robotics\VEXcode Pro V5\sdk/vexv5\libv5rt.a(vex_global.cpp.obj)
                0x0380b0e0                vex::PORT17
 *fill*         0x0380b0e4        0x4 
 .rodata._ZTVN3vex5motorE
                0x0380b0e8       0x18 C:\Program Files (x86)\VEX Robotics\VEXcode Pro V5\sdk/vexv5\libv5rt.a(vex_motor.cpp.obj)
                0x0380b0e8                vtable for vex::motor
 .rodata._ZTVN3vex8inertialE
                0x0380b100       0x60 C:\Program Files (x86)\VEX Robotics\VEXcode Pro V5\sdk/vexv5\libv5rt.a(vex_imu.cpp.obj)
                0x0380b100                vtable for vex::inertial
 .rodata._ZTVN3vex7opticalE
                0x0380b160       0x18 C:\Program Files (x86)\VEX Robotics\VEXcode Pro V5\sdk/vexv5\libv5rt.a(vex_optical.cpp.obj)
                0x0380b160                vtable for vex::optical
 .rodata.CSWTCH.16
                0x0380b178        0xb C:\Program Files (x86)\VEX Robotics\VEXcode Pro V5\sdk/vexv5\libv5rt.a(vex_controller.cpp.obj)
 .rodata.CSWTCH.18
                0x0380b183        0xb C:\Program Files (x86)\VEX Robotics\VEXcode Pro V5\sdk/vexv5\libv5rt.a(vex_controller.cpp.obj)
 .rodata.CSWTCH.24
                0x0380b18e        0x3 C:\Program Files (x86)\VEX Robotics\VEXcode Pro V5\sdk/vexv5\libv5rt.a(vex_controller.cpp.obj)
 .rodata.str1.1
                0x0380b191       0x14 C:\Program Files (x86)\VEX Robotics\VEXcode Pro V5\sdk/vexv5\libv5rt.a(vex_task.cpp.obj)
 .rodata.str1.1
                0x0380b1a5       0x2d C:\Program Files (x86)\VEX Robotics\VEXcode Pro V5\sdk/vexv5\libv5rt.a(vex_brain.cpp.obj)
 .rodata.CSWTCH.36
                0x0380b1d2       0x10 C:\Program Files (x86)\VEX Robotics\VEXcode Pro V5\sdk/vexv5\libv5rt.a(vex_triport.cpp.obj)
 *fill*         0x0380b1e2        0x6 
 .rodata._ZTVN3vex7triportE
                0x0380b1e8       0x18 C:\Program Files (x86)\VEX Robotics\VEXcode Pro V5\sdk/vexv5\libv5rt.a(vex_triport.cpp.obj)
                0x0380b1e8                vtable for vex::triport
 .rodata.CSWTCH.31
                0x0380b200        0xe C:\Program Files (x86)\VEX Robotics\VEXcode Pro V5\sdk/vexv5\libv5rt.a(vex_triport.cpp.obj)
 *fill*         0x0380b20e        0x2 
 .rodata._ZTVN3vex6deviceE
                0x0380b210       0x18 C:\Program Files (x86)\VEX Robotics\VEXcode Pro V5\sdk/vexv5\libv5rt.a(vex_device.cpp.obj)
                0x0380b210                vtable for vex::device
 .rodata.str1.4
                0x0380b228        0x4 C:\Program Files (x86)\VEX Robotics\VEXcode Pro V5\sdk/vexv5/gcc/libs\libc.a(lib_a-impure.o)
                                  0x2 (size before relaxing)
 *(.gnu.linkonce.r.*)
                0x0380b22c                __rodata_end = .

.rodata1        0x0380b22c        0x0
                0x0380b22c                __rodata1_start = .
 *(.rodata1)
 *(.rodata1.*)
                0x0380b22c                __rodata1_end = .

.sdata2         0x0380b22c        0x0
                0x0380b22c                __sdata2_start = .
 *(.sdata2)
 *(.sdata2.*)
 *(.gnu.linkonce.s2.*)
                0x0380b22c                __sdata2_end = .

.sbss2          0x0380b22c        0x0
                0x0380b22c                __sbss2_start = .
 *(.sbss2)
 *(.sbss2.*)
 *(.gnu.linkonce.sb2.*)
                0x0380b22c                __sbss2_end = .

.data           0x0380b230      0x444
                0x0380b230                __data_start = .
 *(.data)
 *(.data.*)
 .data.autoSelect
                0x0380b230        0x4 build/src/main.o
                0x0380b230                autoSelect
 .data.closeIntake
                0x0380b234        0x1 build/src/main.o
                0x0380b234                closeIntake
 *fill*         0x0380b235        0x3 
 .data.appRunning
                0x0380b238        0x4 C:\Program Files (x86)\VEX Robotics\VEXcode Pro V5\sdk/vexv5\libv5rt.a(v5_startup.c.obj)
                0x0380b238                appRunning
 .data.__yoff   0x0380b23c        0x4 C:\Program Files (x86)\VEX Robotics\VEXcode Pro V5\sdk/vexv5\libv5rt.a(v5_apijump.c.obj)
 .data._ZN3vex24__default_motor_velocityE
                0x0380b240        0x4 C:\Program Files (x86)\VEX Robotics\VEXcode Pro V5\sdk/vexv5\libv5rt.a(vex_motor.cpp.obj)
                0x0380b240                vex::__default_motor_velocity
 *fill*         0x0380b244        0x4 
 .data.impure_data
                0x0380b248      0x428 C:\Program Files (x86)\VEX Robotics\VEXcode Pro V5\sdk/vexv5/gcc/libs\libc.a(lib_a-impure.o)
 .data._impure_ptr
                0x0380b670        0x4 C:\Program Files (x86)\VEX Robotics\VEXcode Pro V5\sdk/vexv5/gcc/libs\libc.a(lib_a-impure.o)
                0x0380b670                _impure_ptr
 *(.gnu.linkonce.d.*)
 *(.jcr)
 *(.got)
 *(.got.plt)
                0x0380b674                __data_end = .

.igot.plt       0x0380b674        0x0
 .igot.plt      0x00000000        0x0 build/src/functions.o

.data1          0x0380b674        0x0
                0x0380b674                __data1_start = .
 *(.data1)
 *(.data1.*)
                0x0380b674                __data1_end = .

.got
 *(.got)

.ctors          0x0380b674        0x0
                0x0380b674                __CTOR_LIST__ = .
                0x0380b674                ___CTORS_LIST___ = .
 *crtbegin.o(.ctors)
 *(EXCLUDE_FILE(*crtend.o) .ctors)
 *(SORT(.ctors.*))
 *(.ctors)
                0x0380b674                __CTOR_END__ = .
                0x0380b674                ___CTORS_END___ = .

.dtors          0x0380b674        0x0
                0x0380b674                __DTOR_LIST__ = .
                0x0380b674                ___DTORS_LIST___ = .
 *crtbegin.o(.dtors)
 *(EXCLUDE_FILE(*crtend.o) .dtors)
 *(SORT(.dtors.*))
 *(.dtors)
                0x0380b674                __DTOR_END__ = .
                0x0380b674                ___DTORS_END___ = .

.fixup          0x0380b674        0x0
                0x0380b674                __fixup_start = .
 *(.fixup)
                0x0380b674                __fixup_end = .

.eh_frame
 *(.eh_frame)

.eh_framehdr    0x0380b674        0x0
                0x0380b674                __eh_framehdr_start = .
 *(.eh_framehdr)
                0x0380b674                __eh_framehdr_end = .

.gcc_except_table
 *(.gcc_except_table)

.mmu_tbl        0x0380c000        0x0
                0x0380c000                __mmu_tbl_start = .
 *(.mmu_tbl)
                0x0380c000                __mmu_tbl_end = .

.ARM.exidx      0x0380b674        0x8
                0x0380b674                __exidx_start = .
 *(.ARM.exidx*)
 .ARM.exidx.text._Z9stopDriveN3vex9brakeTypeE
                0x0380b674        0x8 build/src/functions.o
 .ARM.exidx.text._Z14driveUntilStopii
                0x0380b67c        0x0 build/src/functions.o
                                  0x8 (size before relaxing)
 .ARM.exidx.text._Z13driveIntoWallii
                0x0380b67c        0x0 build/src/functions.o
                                  0x8 (size before relaxing)
 .ARM.exidx.text._Z8shootOutv
                0x0380b67c        0x0 build/src/functions.o
                                  0x8 (size before relaxing)
 .ARM.exidx.text._Z9shootOut2v
                0x0380b67c        0x0 build/src/functions.o
                                  0x8 (size before relaxing)
 .ARM.exidx.text._Z19closePneumAndIntakev
                0x0380b67c        0x0 build/src/functions.o
                                  0x8 (size before relaxing)
 .ARM.exidx.text._Z10shootOutBBv
                0x0380b67c        0x0 build/src/functions.o
                                  0x8 (size before relaxing)
 .ARM.exidx.text._Z11shootOutBB2v
                0x0380b67c        0x0 build/src/functions.o
                                  0x8 (size before relaxing)
 .ARM.exidx.text._Z6deployv
                0x0380b67c        0x0 build/src/functions.o
                                  0x8 (size before relaxing)
 .ARM.exidx.text._GLOBAL__sub_I_functions.cpp
                0x0380b67c        0x0 build/src/functions.o
                                  0x8 (size before relaxing)
 .ARM.exidx.text._Z9pre_autonv
                0x0380b67c        0x0 build/src/main.o
                                  0x8 (size before relaxing)
 .ARM.exidx.text._Z10autonomousv
                0x0380b67c        0x0 build/src/main.o
                                  0x8 (size before relaxing)
 .ARM.exidx.text._Z11usercontrolv
                0x0380b67c        0x0 build/src/main.o
                                  0x8 (size before relaxing)
 .ARM.exidx.text._Z14badBallControlv
                0x0380b67c        0x0 build/src/main.o
                                  0x8 (size before relaxing)
 .ARM.exidx.text.main
                0x0380b67c        0x0 build/src/main.o
                                  0x8 (size before relaxing)
 .ARM.exidx.text._GLOBAL__sub_I_main.cpp
                0x0380b67c        0x0 build/src/main.o
                                  0x8 (size before relaxing)
 .ARM.exidx.text._Z10print_pageii
                0x0380b67c        0x0 build/src/gui.o
                                  0x8 (size before relaxing)
 .ARM.exidx.text._Z11page_selectPiS_
                0x0380b67c        0x0 build/src/gui.o
                                  0x8 (size before relaxing)
 .ARM.exidx.text._GLOBAL__sub_I_gui.cpp
                0x0380b67c        0x0 build/src/gui.o
                                  0x8 (size before relaxing)
 .ARM.exidx.text._Z7redLongv
                0x0380b67c        0x0 build/src/auton.o
                                  0x8 (size before relaxing)
 .ARM.exidx.text._Z8redShortv
                0x0380b67c        0x0 build/src/auton.o
                                  0x8 (size before relaxing)
 .ARM.exidx.text._Z9blueShortv
                0x0380b67c        0x0 build/src/auton.o
                                  0x8 (size before relaxing)
 .ARM.exidx.text._Z8blueLongv
                0x0380b67c        0x0 build/src/auton.o
                                  0x8 (size before relaxing)
 .ARM.exidx.text._Z6skillsv
                0x0380b67c        0x0 build/src/skills.o
                                  0x8 (size before relaxing)
 .ARM.exidx.text._Z10forwardPIDfiifibi
                0x0380b67c        0x0 build/src/pid.o
                                  0x8 (size before relaxing)
 .ARM.exidx.text._Z14forwardPIDFASTfii
                0x0380b67c        0x0 build/src/pid.o
                                  0x8 (size before relaxing)
 .ARM.exidx.text._Z11forwardPID2fii
                0x0380b67c        0x0 build/src/pid.o
                                  0x8 (size before relaxing)
 .ARM.exidx.text._Z12backwardPID2fii
                0x0380b67c        0x0 build/src/pid.o
                                  0x8 (size before relaxing)
 .ARM.exidx.text._Z11backwardPIDfiifi
                0x0380b67c        0x0 build/src/pid.o
                                  0x8 (size before relaxing)
 .ARM.exidx.text._Z8turnLeftfii
                0x0380b67c        0x0 build/src/pid.o
                                  0x8 (size before relaxing)
 .ARM.exidx.text._Z9turnRightfii
                0x0380b67c        0x0 build/src/pid.o
                                  0x8 (size before relaxing)
 .ARM.exidx.text._GLOBAL__sub_I_pid.cpp
                0x0380b67c        0x0 build/src/pid.o
                                  0x8 (size before relaxing)
 .ARM.exidx.text._ZN3vex11motor_groupC2IJNS_5motorES2_EEERS2_DpRT_
                0x0380b67c        0x0 build/src/robot-config.o
                                  0x8 (size before relaxing)
 .ARM.exidx.text._ZN3vex11motor_groupC2IJNS_5motorES2_S2_EEERS2_DpRT_
                0x0380b67c        0x0 build/src/robot-config.o
                                  0x8 (size before relaxing)
 .ARM.exidx.text._Z11vexcodeInitv
                0x0380b67c        0x0 build/src/robot-config.o
                                  0x8 (size before relaxing)
 .ARM.exidx.text._GLOBAL__sub_I_robot_config.cpp
                0x0380b67c        0x0 build/src/robot-config.o
                                  0x8 (size before relaxing)
 .ARM.exidx.text._Z11splineRightfiif
                0x0380b67c        0x0 build/src/spline.o
                                  0x8 (size before relaxing)
 *(.gnu.linkonce.armexidix.*.*)
                0x0380b67c                __exidx_end = .

.rel.dyn        0x0380b67c        0x0
 .rel.iplt      0x00000000        0x0 build/src/functions.o

.preinit_array  0x0380b67c        0x0
                0x0380b67c                __preinit_array_start = .
 *(SORT(.preinit_array.*))
 *(.preinit_array)
                0x0380b67c                __preinit_array_end = .

.init_array     0x0380b67c       0x1c
                0x0380b67c                __init_array_start = .
 *(SORT(.init_array.*))
 *(.init_array)
 .init_array    0x0380b67c        0x4 build/src/functions.o
 .init_array    0x0380b680        0x4 build/src/main.o